Component: ARM Compiler 5.06 update 3 (build 300) Tool: armlink [4d35c9]

==============================================================================

Section Cross References

    system_stm32f10x.o(i.SetSysClock) refers to system_stm32f10x.o(i.SetSysClockTo72) for SetSysClockTo72
    system_stm32f10x.o(i.SystemCoreClockUpdate) refers to system_stm32f10x.o(.data) for SystemCoreClock
    system_stm32f10x.o(i.SystemInit) refers to system_stm32f10x.o(i.SetSysClock) for SetSysClock
    startup_stm32f10x_md.o(RESET) refers to startup_stm32f10x_md.o(STACK) for __initial_sp
    startup_stm32f10x_md.o(RESET) refers to startup_stm32f10x_md.o(.text) for Reset_Handler
    startup_stm32f10x_md.o(RESET) refers to stm32f10x_it.o(i.NMI_Handler) for NMI_Handler
    startup_stm32f10x_md.o(RESET) refers to stm32f10x_it.o(i.HardFault_Handler) for HardFault_Handler
    startup_stm32f10x_md.o(RESET) refers to stm32f10x_it.o(i.MemManage_Handler) for MemManage_Handler
    startup_stm32f10x_md.o(RESET) refers to stm32f10x_it.o(i.BusFault_Handler) for BusFault_Handler
    startup_stm32f10x_md.o(RESET) refers to stm32f10x_it.o(i.UsageFault_Handler) for UsageFault_Handler
    startup_stm32f10x_md.o(RESET) refers to stm32f10x_it.o(i.SVC_Handler) for SVC_Handler
    startup_stm32f10x_md.o(RESET) refers to stm32f10x_it.o(i.DebugMon_Handler) for DebugMon_Handler
    startup_stm32f10x_md.o(RESET) refers to stm32f10x_it.o(i.PendSV_Handler) for PendSV_Handler
    startup_stm32f10x_md.o(RESET) refers to stm32f10x_it.o(i.SysTick_Handler) for SysTick_Handler
    startup_stm32f10x_md.o(RESET) refers to tim.o(i.TIM1_UP_IRQHandler) for TIM1_UP_IRQHandler
    startup_stm32f10x_md.o(RESET) refers to uart1.o(i.USART1_IRQHandler) for USART1_IRQHandler
    startup_stm32f10x_md.o(RESET) refers to usart2.o(i.USART2_IRQHandler) for USART2_IRQHandler
    startup_stm32f10x_md.o(RESET) refers to ano_dt.o(i.USART3_IRQHandler) for USART3_IRQHandler
    startup_stm32f10x_md.o(RESET) refers to hcsr04.o(i.EXTI15_10_IRQHandler) for EXTI15_10_IRQHandler
    startup_stm32f10x_md.o(.text) refers to system_stm32f10x.o(i.SystemInit) for SystemInit
    startup_stm32f10x_md.o(.text) refers to entry.o(.ARM.Collect$$$$00000000) for __main
    stm32f10x_it.o(i.SysTick_Handler) refers to delay.o(i.SysTick_IRQ) for SysTick_IRQ
    main.o(i.IWDG_Feed) refers to stm32f10x_iwdg.o(i.IWDG_ReloadCounter) for IWDG_ReloadCounter
    main.o(i.IWDG_Init) refers to stm32f10x_iwdg.o(i.IWDG_WriteAccessCmd) for IWDG_WriteAccessCmd
    main.o(i.IWDG_Init) refers to stm32f10x_iwdg.o(i.IWDG_SetPrescaler) for IWDG_SetPrescaler
    main.o(i.IWDG_Init) refers to stm32f10x_iwdg.o(i.IWDG_SetReload) for IWDG_SetReload
    main.o(i.IWDG_Init) refers to stm32f10x_iwdg.o(i.IWDG_ReloadCounter) for IWDG_ReloadCounter
    main.o(i.IWDG_Init) refers to stm32f10x_iwdg.o(i.IWDG_Enable) for IWDG_Enable
    main.o(i.main) refers to delay.o(i.cycleCounterInit) for cycleCounterInit
    main.o(i.main) refers to misc.o(i.NVIC_PriorityGroupConfig) for NVIC_PriorityGroupConfig
    main.o(i.main) refers to init.o(i.ALL_Init) for ALL_Init
    main.o(i.main) refers to main.o(i.IWDG_Init) for IWDG_Init
    main.o(i.main) refers to scheduler.o(i.main_loop) for main_loop
    main.o(i.main) refers to main.o(i.IWDG_Feed) for IWDG_Feed
    main.o(i.main) refers to system_stm32f10x.o(.data) for SystemCoreClock
    delay.o(i.GetSysTime_us) refers to init.o(.data) for SysTick_count
    delay.o(i.GetSysTime_us) refers to delay.o(.data) for usTicks
    delay.o(i.SysTick_IRQ) refers to scheduler.o(i.Loop_check) for Loop_check
    delay.o(i.SysTick_IRQ) refers to init.o(.data) for SysTick_count
    delay.o(i.SysTick_IRQ) refers to delay.o(.data) for sys_init_ok
    delay.o(i.cycleCounterInit) refers to stm32f10x_rcc.o(i.RCC_GetClocksFreq) for RCC_GetClocksFreq
    delay.o(i.cycleCounterInit) refers to delay.o(.data) for usTicks
    delay.o(i.delay_ms) refers to delay.o(i.GetSysTime_us) for GetSysTime_us
    delay.o(i.delay_ms) refers to delay.o(.data) for SysTick_count22
    delay.o(i.micros) refers to ffltui.o(.text) for __aeabi_ui2f
    delay.o(i.micros) refers to fdiv.o(.text) for __aeabi_fdiv
    delay.o(i.micros) refers to fadd.o(.text) for __aeabi_fadd
    delay.o(i.micros) refers to delay.o(.data) for SysTick_count22
    scheduler.o(i.Duty_1000ms) refers to nrf24l01.o(.data) for NRF_SSI_CNT
    scheduler.o(i.Duty_1000ms) refers to wifi_ufo.o(.data) for WIFI_SSI_CNT
    scheduler.o(i.Duty_1000ms) refers to spl06.o(.data) for Locat_SSI_CNT
    scheduler.o(i.Duty_1000ms) refers to esp32cam.o(.data) for MV_SSI_CNT
    scheduler.o(i.Duty_1000ms) refers to scheduler.o(.data) for count_my
    scheduler.o(i.Duty_1000ms) refers to init.o(.bss) for ALL_flag
    scheduler.o(i.Duty_1000ms) refers to scheduler.o(.bss) for time
    scheduler.o(i.Duty_10ms) refers to delay.o(i.GetSysTime_us) for GetSysTime_us
    scheduler.o(i.Duty_10ms) refers to remote.o(i.RC_Analy) for RC_Analy
[...]
    PendSV_Handler                           0x080069fd   Thumb Code     2  stm32f10x_it.o(i.PendSV_Handler)
    PilotLED                                 0x08006a01   Thumb Code   364  led.o(i.PilotLED)
    Pixel_Flow_Fix                           0x08006b81   Thumb Code   542  flow.o(i.Pixel_Flow_Fix)
    Q_rsqrt                                  0x08006dd1   Thumb Code    74  mymath.o(i.Q_rsqrt)
    RCC_ADCCLKConfig                         0x08006e21   Thumb Code    18  stm32f10x_rcc.o(i.RCC_ADCCLKConfig)
    RCC_AHBPeriphClockCmd                    0x08006e39   Thumb Code    26  stm32f10x_rcc.o(i.RCC_AHBPeriphClockCmd)
    RCC_APB1PeriphClockCmd                   0x08006e59   Thumb Code    26  stm32f10x_rcc.o(i.RCC_APB1PeriphClockCmd)
    RCC_APB2PeriphClockCmd                   0x08006e79   Thumb Code    26  stm32f10x_rcc.o(i.RCC_APB2PeriphClockCmd)
    RCC_GetClocksFreq                        0x08006e99   Thumb Code   192  stm32f10x_rcc.o(i.RCC_GetClocksFreq)
    RC_Analy                                 0x08006f6d   Thumb Code   228  remote.o(i.RC_Analy)
    Rc_Connect                               0x08007075   Thumb Code    26  remote.o(i.Rc_Connect)
    SPI_Cmd                                  0x08007095   Thumb Code    24  stm32f10x_spi.o(i.SPI_Cmd)
    SPI_Config                               0x080070ad   Thumb Code   140  spi.o(i.SPI_Config)
    SPI_I2S_GetFlagStatus                    0x08007141   Thumb Code    18  stm32f10x_spi.o(i.SPI_I2S_GetFlagStatus)
    SPI_I2S_ReceiveData                      0x08007153   Thumb Code     6  stm32f10x_spi.o(i.SPI_I2S_ReceiveData)
    SPI_I2S_SendData                         0x08007159   Thumb Code     4  stm32f10x_spi.o(i.SPI_I2S_SendData)
    SPI_Init                                 0x0800715d   Thumb Code    60  stm32f10x_spi.o(i.SPI_Init)
    SPI_RW                                   0x08007199   Thumb Code    50  spi.o(i.SPI_RW)
    SVC_Handler                              0x080071d1   Thumb Code     2  stm32f10x_it.o(i.SVC_Handler)
    SysTick_Handler                          0x080074c1   Thumb Code     8  stm32f10x_it.o(i.SysTick_Handler)
    SysTick_IRQ                              0x080074c9   Thumb Code    60  delay.o(i.SysTick_IRQ)
    SystemInit                               0x08007511   Thumb Code    78  system_stm32f10x.o(i.SystemInit)
    TIM1_UP_IRQHandler                       0x08007571   Thumb Code    22  tim.o(i.TIM1_UP_IRQHandler)
    TIM2_PWM_Config                          0x0800758d   Thumb Code   214  tim.o(i.TIM2_PWM_Config)
    TIM3_PWM_Config                          0x0800766d   Thumb Code   222  tim.o(i.TIM3_PWM_Config)
    TIM_ARRPreloadConfig                     0x0800775d   Thumb Code    24  stm32f10x_tim.o(i.TIM_ARRPreloadConfig)
    TIM_ClearITPendingBit                    0x08007775   Thumb Code     6  stm32f10x_tim.o(i.TIM_ClearITPendingBit)
    TIM_Cmd                                  0x0800777b   Thumb Code    24  stm32f10x_tim.o(i.TIM_Cmd)
    TIM_GetCounter                           0x08007793   Thumb Code     6  stm32f10x_tim.o(i.TIM_GetCounter)
    TIM_GetITStatus                          0x08007799   Thumb Code    34  stm32f10x_tim.o(i.TIM_GetITStatus)
    TIM_ITConfig                             0x080077bb   Thumb Code    18  stm32f10x_tim.o(i.TIM_ITConfig)
    TIM_OC1Init                              0x080077cd   Thumb Code   132  stm32f10x_tim.o(i.TIM_OC1Init)
    TIM_OC1PreloadConfig                     0x08007865   Thumb Code    18  stm32f10x_tim.o(i.TIM_OC1PreloadConfig)
    TIM_OC2Init                              0x08007879   Thumb Code   154  stm32f10x_tim.o(i.TIM_OC2Init)
    TIM_OC2PreloadConfig                     0x0800791d   Thumb Code    26  stm32f10x_tim.o(i.TIM_OC2PreloadConfig)
    TIM_OC3Init                              0x08007939   Thumb Code   150  stm32f10x_tim.o(i.TIM_OC3Init)
    TIM_OC3PreloadConfig                     0x080079d9   Thumb Code    18  stm32f10x_tim.o(i.TIM_OC3PreloadConfig)
    TIM_OC4Init                              0x080079ed   Thumb Code   114  stm32f10x_tim.o(i.TIM_OC4Init)
    TIM_OC4PreloadConfig                     0x08007a69   Thumb Code    26  stm32f10x_tim.o(i.TIM_OC4PreloadConfig)
    TIM_SetCounter                           0x08007a83   Thumb Code     4  stm32f10x_tim.o(i.TIM_SetCounter)
    TIM_TimeBaseInit                         0x08007a89   Thumb Code   122  stm32f10x_tim.o(i.TIM_TimeBaseInit)
    UART2_Init                               0x08007b2d   Thumb Code   192  usart2.o(i.UART2_Init)
    USART1_IRQHandler                        0x08007bf5   Thumb Code   118  uart1.o(i.USART1_IRQHandler)
    USART2_IRQHandler                        0x08007c7d   Thumb Code   122  usart2.o(i.USART2_IRQHandler)
    USART3_Config                            0x08007d09   Thumb Code   196  usart3.o(i.USART3_Config)
    USART3_IRQHandler                        0x08007dd5   Thumb Code   102  ano_dt.o(i.USART3_IRQHandler)
    USART3_SendByte                          0x08007e4d   Thumb Code    44  usart3.o(i.USART3_SendByte)
    USART_ClockInit                          0x08007e7d   Thumb Code    34  stm32f10x_usart.o(i.USART_ClockInit)
    USART_Cmd                                0x08007e9f   Thumb Code    24  stm32f10x_usart.o(i.USART_Cmd)
    USART_GetFlagStatus                      0x08007eb7   Thumb Code    26  stm32f10x_usart.o(i.USART_GetFlagStatus)
    USART_ITConfig                           0x08007ed1   Thumb Code    74  stm32f10x_usart.o(i.USART_ITConfig)
    USART_Init                               0x08007f1d   Thumb Code   210  stm32f10x_usart.o(i.USART_Init)
    USART_ReceiveData                        0x08007ff5   Thumb Code    10  stm32f10x_usart.o(i.USART_ReceiveData)
    USART_SendData                           0x08007fff   Thumb Code     8  stm32f10x_usart.o(i.USART_SendData)
    UsageFault_Handler                       0x08008007   Thumb Code     4  stm32f10x_it.o(i.UsageFault_Handler)
    VL53L1_ClearInterruptAndStartMeasurement 0x0800800b   Thumb Code    52  vl53l1_api.o(i.VL53L1_ClearInterruptAndStartMeasurement)
    VL53L1_DataInit                          0x0800803f   Thumb Code   100  vl53l1_api.o(i.VL53L1_DataInit)
    VL53L1_GetInterMeasurementPeriodMilliSeconds 0x080080a3   Thumb Code    44  vl53l1_api.o(i.VL53L1_GetInterMeasurementPeriodMilliSeconds)
    VL53L1_GetLimitCheckEnable               0x080080cf   Thumb Code    28  vl53l1_api.o(i.VL53L1_GetLimitCheckEnable)
    VL53L1_GetLimitCheckValue                0x080080eb   Thumb Code   114  vl53l1_api.o(i.VL53L1_GetLimitCheckValue)
    VL53L1_GetMeasurementDataReady           0x0800815d   Thumb Code    22  vl53l1_api.o(i.VL53L1_GetMeasurementDataReady)
    VL53L1_GetMeasurementTimingBudgetMicroSeconds 0x08008173   Thumb Code   244  vl53l1_api.o(i.VL53L1_GetMeasurementTimingBudgetMicroSeconds)
    VL53L1_GetRangingMeasurementData         0x08008267   Thumb Code    68  vl53l1_api.o(i.VL53L1_GetRangingMeasurementData)
    VL53L1_GetSequenceStepEnable             0x080082ab   Thumb Code    30  vl53l1_api.o(i.VL53L1_GetSequenceStepEnable)
    VL53L1_GetTickCount                      0x080082c9   Thumb Code    10  vl53l1x.o(i.VL53L1_GetTickCount)
    VL53L1_RdByte                            0x080082d3   Thumb Code    30  vl53l1x.o(i.VL53L1_RdByte)
    VL53L1_RdWord                            0x080082f1   Thumb Code    44  vl53l1x.o(i.VL53L1_RdWord)
    VL53L1_ReadMulti                         0x08008321   Thumb Code    32  vl53l1x.o(i.VL53L1_ReadMulti)
    VL53L1_SetDistanceMode                   0x08008341   Thumb Code   150  vl53l1_api.o(i.VL53L1_SetDistanceMode)
    VL53L1_SetInterMeasurementPeriodMilliSeconds 0x080083d7   Thumb Code    40  vl53l1_api.o(i.VL53L1_SetInterMeasurementPeriodMilliSeconds)
    VL53L1_SetLimitCheckEnable               0x080083ff   Thumb Code    72  vl53l1_api.o(i.VL53L1_SetLimitCheckEnable)
    VL53L1_SetLimitCheckValue                0x08008447   Thumb Code    70  vl53l1_api.o(i.VL53L1_SetLimitCheckValue)
    VL53L1_SetMeasurementTimingBudgetMicroSeconds 0x0800848d   Thumb Code   288  vl53l1_api.o(i.VL53L1_SetMeasurementTimingBudgetMicroSeconds)
    VL53L1_SetPresetMode                     0x080085b5   Thumb Code    98  vl53l1_api.o(i.VL53L1_SetPresetMode)
    VL53L1_StartMeasurement                  0x08008617   Thumb Code   160  vl53l1_api.o(i.VL53L1_StartMeasurement)
    VL53L1_StaticInit                        0x080086b7   Thumb Code    46  vl53l1_api.o(i.VL53L1_StaticInit)
    VL53L1_StopMeasurement                   0x080086e5   Thumb Code    26  vl53l1_api.o(i.VL53L1_StopMeasurement)
    VL53L1_WaitDeviceBooted                  0x080086ff   Thumb Code    22  vl53l1_api.o(i.VL53L1_WaitDeviceBooted)
    VL53L1_WaitMs                            0x08008715   Thumb Code    16  vl53l1x.o(i.VL53L1_WaitMs)
    VL53L1_WaitUs                            0x08008725   Thumb Code    26  vl53l1x.o(i.VL53L1_WaitUs)
    VL53L1_WaitValueMaskEx                   0x08008741   Thumb Code   146  vl53l1x.o(i.VL53L1_WaitValueMaskEx)
    VL53L1_WriteMulti                        0x080087d9   Thumb Code    32  vl53l1x.o(i.VL53L1_WriteMulti)
    VL53L1_calc_decoded_timeout_us           0x080087f9   Thumb Code    32  vl53l1_core.o(i.VL53L1_calc_decoded_timeout_us)
    VL53L1_calc_encoded_timeout              0x08008819   Thumb Code    32  vl53l1_core.o(i.VL53L1_calc_encoded_timeout)
    VL53L1_calc_macro_period_us              0x08008839   Thumb Code    50  vl53l1_core.o(i.VL53L1_calc_macro_period_us)
    VL53L1_calc_pll_period_us                0x0800886b   Thumb Code    14  vl53l1_core_support.o(i.VL53L1_calc_pll_period_us)
    VL53L1_calc_range_ignore_threshold       0x08008879   Thumb Code   104  vl53l1_core.o(i.VL53L1_calc_range_ignore_threshold)
    VL53L1_calc_timeout_mclks                0x080088e1   Thumb Code    16  vl53l1_core.o(i.VL53L1_calc_timeout_mclks)
    VL53L1_calc_timeout_register_values      0x080088f1   Thumb Code   150  vl53l1_core.o(i.VL53L1_calc_timeout_register_values)
    VL53L1_calc_timeout_us                   0x08008987   Thumb Code    38  vl53l1_core.o(i.VL53L1_calc_timeout_us)
    VL53L1_check_ll_driver_rd_state          0x080089ad   Thumb Code   104  vl53l1_core.o(i.VL53L1_check_ll_driver_rd_state)
    VL53L1_clear_interrupt_and_enable_next_range 0x08008a15   Thumb Code    26  vl53l1_api_core.o(i.VL53L1_clear_interrupt_and_enable_next_range)
    VL53L1_config_low_power_auto_mode        0x08008a2f   Thumb Code    30  vl53l1_core.o(i.VL53L1_config_low_power_auto_mode)
    VL53L1_copy_rtn_good_spads_to_buffer     0x08008a4d   Thumb Code   134  vl53l1_core.o(i.VL53L1_copy_rtn_good_spads_to_buffer)
    VL53L1_copy_sys_and_core_results_to_range_results 0x08008ad3   Thumb Code   486  vl53l1_api_core.o(i.VL53L1_copy_sys_and_core_results_to_range_results)
    VL53L1_data_init                         0x08008cb9   Thumb Code   198  vl53l1_api_core.o(i.VL53L1_data_init)
    VL53L1_decode_row_col                    0x08008d7f   Thumb Code    46  vl53l1_core_support.o(i.VL53L1_decode_row_col)
    VL53L1_decode_timeout                    0x08008dad   Thumb Code    14  vl53l1_core.o(i.VL53L1_decode_timeout)
    VL53L1_decode_vcsel_period               0x08008dbb   Thumb Code    12  vl53l1_core_support.o(i.VL53L1_decode_vcsel_period)
    VL53L1_decode_zone_size                  0x08008dc7   Thumb Code    12  vl53l1_core.o(i.VL53L1_decode_zone_size)
    VL53L1_encode_row_col                    0x08008dd3   Thumb Code    34  vl53l1_core.o(i.VL53L1_encode_row_col)
    VL53L1_encode_timeout                    0x08008df5   Thumb Code    40  vl53l1_core.o(i.VL53L1_encode_timeout)
    VL53L1_encode_zone_size                  0x08008e1d   Thumb Code     8  vl53l1_core.o(i.VL53L1_encode_zone_size)
    VL53L1_get_customer_nvm_managed          0x08008e25   Thumb Code    46  vl53l1_register_funcs.o(i.VL53L1_get_customer_nvm_managed)
    VL53L1_get_device_results                0x08008e53   Thumb Code   168  vl53l1_api_core.o(i.VL53L1_get_device_results)
    VL53L1_get_inter_measurement_period_ms   0x08008efb   Thumb Code    44  vl53l1_api_core.o(i.VL53L1_get_inter_measurement_period_ms)
    VL53L1_get_lite_min_count_rate           0x08008f27   Thumb Code    18  vl53l1_api_core.o(i.VL53L1_get_lite_min_count_rate)
    VL53L1_get_lite_sigma_threshold          0x08008f39   Thumb Code    18  vl53l1_api_core.o(i.VL53L1_get_lite_sigma_threshold)
    VL53L1_get_measurement_results           0x08008f4b   Thumb Code   178  vl53l1_api_core.o(i.VL53L1_get_measurement_results)
    VL53L1_get_mode_mitigation_roi           0x08008ffd   Thumb Code    66  vl53l1_api_core.o(i.VL53L1_get_mode_mitigation_roi)
    VL53L1_get_nvm_copy_data                 0x0800903f   Thumb Code    48  vl53l1_register_funcs.o(i.VL53L1_get_nvm_copy_data)
    VL53L1_get_preset_mode_timing_cfg        0x0800906f   Thumb Code   202  vl53l1_api_core.o(i.VL53L1_get_preset_mode_timing_cfg)
    VL53L1_get_sequence_config_bit           0x08009139   Thumb Code    52  vl53l1_api_core.o(i.VL53L1_get_sequence_config_bit)
    VL53L1_get_static_nvm_managed            0x0800916d   Thumb Code    42  vl53l1_register_funcs.o(i.VL53L1_get_static_nvm_managed)
    VL53L1_get_timeouts_us                   0x08009197   Thumb Code   152  vl53l1_api_core.o(i.VL53L1_get_timeouts_us)
    VL53L1_get_tuning_parm                   0x0800922f   Thumb Code   606  vl53l1_api_core.o(i.VL53L1_get_tuning_parm)
    VL53L1_get_user_zone                     0x0800948d   Thumb Code    46  vl53l1_api_core.o(i.VL53L1_get_user_zone)
    VL53L1_i2c_decode_core_results           0x080094bb   Thumb Code   128  vl53l1_register_funcs.o(i.VL53L1_i2c_decode_core_results)
    VL53L1_i2c_decode_customer_nvm_managed   0x0800953b   Thumb Code   164  vl53l1_register_funcs.o(i.VL53L1_i2c_decode_customer_nvm_managed)
    VL53L1_i2c_decode_debug_results          0x080095df   Thumb Code   394  vl53l1_register_funcs.o(i.VL53L1_i2c_decode_debug_results)
    VL53L1_i2c_decode_int16_t                0x08009769   Thumb Code    38  vl53l1_core.o(i.VL53L1_i2c_decode_int16_t)
    VL53L1_i2c_decode_int32_t                0x0800978f   Thumb Code    36  vl53l1_core.o(i.VL53L1_i2c_decode_int32_t)
    VL53L1_i2c_decode_nvm_copy_data          0x080097b3   Thumb Code   322  vl53l1_register_funcs.o(i.VL53L1_i2c_decode_nvm_copy_data)
    VL53L1_i2c_decode_static_nvm_managed     0x080098f5   Thumb Code    98  vl53l1_register_funcs.o(i.VL53L1_i2c_decode_static_nvm_managed)
    VL53L1_i2c_decode_system_results         0x08009957   Thumb Code   292  vl53l1_register_funcs.o(i.VL53L1_i2c_decode_system_results)
    VL53L1_i2c_decode_uint16_t               0x08009a7b   Thumb Code    30  vl53l1_core.o(i.VL53L1_i2c_decode_uint16_t)
    VL53L1_i2c_decode_uint32_t               0x08009a99   Thumb Code    28  vl53l1_core.o(i.VL53L1_i2c_decode_uint32_t)
    VL53L1_i2c_encode_customer_nvm_managed   0x08009ab5   Thumb Code   172  vl53l1_register_funcs.o(i.VL53L1_i2c_encode_customer_nvm_managed)
    VL53L1_i2c_encode_dynamic_config         0x08009b61   Thumb Code   140  vl53l1_register_funcs.o(i.VL53L1_i2c_encode_dynamic_config)
    VL53L1_i2c_encode_general_config         0x08009bed   Thumb Code   146  vl53l1_register_funcs.o(i.VL53L1_i2c_encode_general_config)
    VL53L1_i2c_encode_int16_t                0x08009c7f   Thumb Code    32  vl53l1_core.o(i.VL53L1_i2c_encode_int16_t)
    VL53L1_i2c_encode_static_config          0x08009c9f   Thumb Code   230  vl53l1_register_funcs.o(i.VL53L1_i2c_encode_static_config)
    VL53L1_i2c_encode_static_nvm_managed     0x08009d85   Thumb Code    98  vl53l1_register_funcs.o(i.VL53L1_i2c_encode_static_nvm_managed)
    VL53L1_i2c_encode_system_control         0x08009de7   Thumb Code    56  vl53l1_register_funcs.o(i.VL53L1_i2c_encode_system_control)
    VL53L1_i2c_encode_timing_config          0x08009e1f   Thumb Code   144  vl53l1_register_funcs.o(i.VL53L1_i2c_encode_timing_config)
    VL53L1_i2c_encode_uint16_t               0x08009eaf   Thumb Code    32  vl53l1_core.o(i.VL53L1_i2c_encode_uint16_t)
    VL53L1_i2c_encode_uint32_t               0x08009ecf   Thumb Code    32  vl53l1_core.o(i.VL53L1_i2c_encode_uint32_t)
    VL53L1_init_and_start_range              0x08009eef   Thumb Code   628  vl53l1_api_core.o(i.VL53L1_init_and_start_range)
    VL53L1_init_ll_driver_state              0x0800a163   Thumb Code    38  vl53l1_core.o(i.VL53L1_init_ll_driver_state)
    VL53L1_init_offset_cal_config_struct     0x0800a189   Thumb Code    38  vl53l1_api_preset_modes.o(i.VL53L1_init_offset_cal_config_struct)
    VL53L1_init_refspadchar_config_struct    0x0800a1af   Thumb Code    34  vl53l1_api_preset_modes.o(i.VL53L1_init_refspadchar_config_struct)
    VL53L1_init_ssc_config_struct            0x0800a1d1   Thumb Code    32  vl53l1_api_preset_modes.o(i.VL53L1_init_ssc_config_struct)
    VL53L1_init_tuning_parm_storage_struct   0x0800a1f1   Thumb Code   164  vl53l1_api_preset_modes.o(i.VL53L1_init_tuning_parm_storage_struct)
    VL53L1_init_version                      0x0800a295   Thumb Code    28  vl53l1_core.o(i.VL53L1_init_version)
    VL53L1_init_xtalk_config_struct          0x0800a2b1   Thumb Code   102  vl53l1_api_preset_modes.o(i.VL53L1_init_xtalk_config_struct)
    VL53L1_is_new_data_ready                 0x0800a317   Thumb Code    84  vl53l1_wait.o(i.VL53L1_is_new_data_ready)
    VL53L1_low_power_auto_data_init          0x0800a36b   Thumb Code    52  vl53l1_core.o(i.VL53L1_low_power_auto_data_init)
    VL53L1_low_power_auto_data_stop_range    0x0800a39f   Thumb Code    80  vl53l1_core.o(i.VL53L1_low_power_auto_data_stop_range)
    VL53L1_low_power_auto_setup_manual_calibration 0x0800a3ef   Thumb Code    98  vl53l1_core.o(i.VL53L1_low_power_auto_setup_manual_calibration)
    VL53L1_low_power_auto_update_DSS         0x0800a451   Thumb Code   158  vl53l1_core.o(i.VL53L1_low_power_auto_update_DSS)
    VL53L1_poll_for_boot_completion          0x0800a4ef   Thumb Code    56  vl53l1_wait.o(i.VL53L1_poll_for_boot_completion)
    VL53L1_preset_mode_low_power_auto_long_ranging 0x0800a527   Thumb Code    60  vl53l1_api_preset_modes.o(i.VL53L1_preset_mode_low_power_auto_long_ranging)
    VL53L1_preset_mode_low_power_auto_ranging 0x0800a563   Thumb Code    60  vl53l1_api_preset_modes.o(i.VL53L1_preset_mode_low_power_auto_ranging)
    VL53L1_preset_mode_low_power_auto_short_ranging 0x0800a59f   Thumb Code    60  vl53l1_api_preset_modes.o(i.VL53L1_preset_mode_low_power_auto_short_ranging)
    VL53L1_preset_mode_olt                   0x0800a5db   Thumb Code    48  vl53l1_api_preset_modes.o(i.VL53L1_preset_mode_olt)
    VL53L1_preset_mode_singleshot_ranging    0x0800a60b   Thumb Code    78  vl53l1_api_preset_modes.o(i.VL53L1_preset_mode_singleshot_ranging)
    VL53L1_preset_mode_standard_ranging      0x0800a659   Thumb Code   314  vl53l1_api_preset_modes.o(i.VL53L1_preset_mode_standard_ranging)
    VL53L1_preset_mode_standard_ranging_long_range 0x0800a793   Thumb Code    84  vl53l1_api_preset_modes.o(i.VL53L1_preset_mode_standard_ranging_long_range)
    VL53L1_preset_mode_standard_ranging_mm1_cal 0x0800a7e7   Thumb Code    52  vl53l1_api_preset_modes.o(i.VL53L1_preset_mode_standard_ranging_mm1_cal)
    VL53L1_preset_mode_standard_ranging_mm2_cal 0x0800a81b   Thumb Code    52  vl53l1_api_preset_modes.o(i.VL53L1_preset_mode_standard_ranging_mm2_cal)
    VL53L1_preset_mode_standard_ranging_short_range 0x0800a84f   Thumb Code    84  vl53l1_api_preset_modes.o(i.VL53L1_preset_mode_standard_ranging_short_range)
    VL53L1_preset_mode_timed_ranging         0x0800a8a3   Thumb Code    84  vl53l1_api_preset_modes.o(i.VL53L1_preset_mode_timed_ranging)
    VL53L1_preset_mode_timed_ranging_long_range 0x0800a8f7   Thumb Code    84  vl53l1_api_preset_modes.o(i.VL53L1_preset_mode_timed_ranging_long_range)
    VL53L1_preset_mode_timed_ranging_short_range 0x0800a94b   Thumb Code    86  vl53l1_api_preset_modes.o(i.VL53L1_preset_mode_timed_ranging_short_range)
    VL53L1_read_p2p_data                     0x0800a9a1   Thumb Code   156  vl53l1_api_core.o(i.VL53L1_read_p2p_data)
    VL53L1_set_inter_measurement_period_ms   0x0800aa3d   Thumb Code    42  vl53l1_api_core.o(i.VL53L1_set_inter_measurement_period_ms)
    VL53L1_set_lite_min_count_rate           0x0800aa67   Thumb Code    16  vl53l1_api_core.o(i.VL53L1_set_lite_min_count_rate)
    VL53L1_set_lite_sigma_threshold          0x0800aa77   Thumb Code    16  vl53l1_api_core.o(i.VL53L1_set_lite_sigma_threshold)
    VL53L1_set_preset_mode                   0x0800aa87   Thumb Code   474  vl53l1_api_core.o(i.VL53L1_set_preset_mode)
    VL53L1_set_system_control                0x0800ac61   Thumb Code    42  vl53l1_register_funcs.o(i.VL53L1_set_system_control)
    VL53L1_set_timeouts_us                   0x0800ac8b   Thumb Code    80  vl53l1_api_core.o(i.VL53L1_set_timeouts_us)
    VL53L1_set_user_zone                     0x0800acdb   Thumb Code    42  vl53l1_api_core.o(i.VL53L1_set_user_zone)
    VL53L1_set_vhv_loopbound                 0x0800ad05   Thumb Code    32  vl53l1_api_core.o(i.VL53L1_set_vhv_loopbound)
    VL53L1_stop_range                        0x0800ad25   Thumb Code    84  vl53l1_api_core.o(i.VL53L1_stop_range)
    VL53L1_update_ll_driver_cfg_state        0x0800ad79   Thumb Code   130  vl53l1_core.o(i.VL53L1_update_ll_driver_cfg_state)
    VL53L1_update_ll_driver_rd_state         0x0800adfb   Thumb Code   172  vl53l1_core.o(i.VL53L1_update_ll_driver_rd_state)
    Voltage_Check                            0x0800aea9   Thumb Code   208  adc.o(i.Voltage_Check)
    __ARM_fpclassify                         0x0800af91   Thumb Code    40  fpclassify.o(i.__ARM_fpclassify)
    __ARM_fpclassifyf                        0x0800afb9   Thumb Code    38  fpclassifyf.o(i.__ARM_fpclassifyf)
    __ieee754_rem_pio2                       0x0800afe1   Thumb Code   828  rred.o(i.__ieee754_rem_pio2)
    __kernel_poly                            0x0800b369   Thumb Code   170  poly.o(i.__kernel_poly)
    __kernel_tan                             0x0800b415   Thumb Code   586  tan_i.o(i.__kernel_tan)
    __mathlib_dbl_infnan                     0x0800b691   Thumb Code     6  dunder.o(i.__mathlib_dbl_infnan)
    __mathlib_dbl_invalid                    0x0800b697   Thumb Code    12  dunder.o(i.__mathlib_dbl_invalid)
    __mathlib_dbl_underflow                  0x0800b6a5   Thumb Code    10  dunder.o(i.__mathlib_dbl_underflow)
    __mathlib_flt_infnan2                    0x0800b6b5   Thumb Code     4  funder.o(i.__mathlib_flt_infnan2)
    __mathlib_flt_underflow                  0x0800b6b9   Thumb Code    10  funder.o(i.__mathlib_flt_underflow)
    __scatterload_copy                       0x0800b6c3   Thumb Code    14  handlers.o(i.__scatterload_copy)
    __scatterload_null                       0x0800b6d1   Thumb Code     2  handlers.o(i.__scatterload_null)
    __scatterload_zeroinit                   0x0800b6d3   Thumb Code    14  handlers.o(i.__scatterload_zeroinit)
    __set_errno                              0x0800b6e1   Thumb Code     6  errno.o(i.__set_errno)
    arctan                                   0x0800b6ed   Thumb Code    82  mymath.o(i.arctan)
    asin                                     0x0800b741   Thumb Code   572  asin.o(i.asin)
    atan2f                                   0x0800b9b1   Thumb Code   528  atan2f.o(i.atan2f)
    cycleCounterInit                         0x0800bc0d   Thumb Code    26  delay.o(i.cycleCounterInit)
    delay_ms                                 0x0800bc31   Thumb Code    44  delay.o(i.delay_ms)
    fix_inte_filter                          0x0800bc61   Thumb Code   108  spl06.o(i.fix_inte_filter)
    kalman_1                                 0x0800bccd   Thumb Code    88  kalman.o(i.kalman_1)
    main                                     0x0800bd25   Thumb Code   118  main.o(i.main)
    main_loop                                0x0800bda9   Thumb Code   160  scheduler.o(i.main_loop)
    pidRest                                  0x0800be4d   Thumb Code    50  pid.o(i.pidRest)
    pidUpdate                                0x0800be7f   Thumb Code   106  pid.o(i.pidUpdate)
    pid_param_Init                           0x0800bee9   Thumb Code   198  init.o(i.pid_param_Init)
    read_vl53l1x                             0x0800c019   Thumb Code   212  vl53lxx.o(i.read_vl53l1x)
    remote_unlock                            0x0800c111   Thumb Code   322  remote.o(i.remote_unlock)
    spl0601_get_calib_param                  0x0800c281   Thumb Code   476  spl06.o(i.spl0601_get_calib_param)
    spl0601_get_pressure1                    0x0800c465   Thumb Code   276  spl06.o(i.spl0601_get_pressure1)
    spl0601_get_raw_pressure                 0x0800c57d   Thumb Code   102  spl06.o(i.spl0601_get_raw_pressure)
    spl0601_get_raw_temp                     0x0800c5e9   Thumb Code   106  spl06.o(i.spl0601_get_raw_temp)
    spl0601_get_temperature                  0x0800c659   Thumb Code   112  spl06.o(i.spl0601_get_temperature)
    spl0601_init                             0x0800c6d1   Thumb Code    78  spl06.o(i.spl0601_init)
    spl0601_rateset                          0x0800c729   Thumb Code   318  spl06.o(i.spl0601_rateset)
    spl0601_read                             0x0800c86d   Thumb Code    22  spl06.o(i.spl0601_read)
    spl0601_start_continuous                 0x0800c883   Thumb Code    18  spl06.o(i.spl0601_start_continuous)
    spl0601_write                            0x0800c895   Thumb Code    20  spl06.o(i.spl0601_write)
    sqrt                                     0x0800c8a9   Thumb Code    76  sqrt.o(i.sqrt)
    tan                                      0x0800c8f5   Thumb Code    90  tan.o(i.tan)
    vl53IICInit                              0x0800c959   Thumb Code     8  vl53lxx_i2c.o(i.vl53IICInit)
    vl53l1Read                               0x0800c991   Thumb Code   106  vl53lxx_i2c.o(i.vl53l1Read)
    vl53l1Write                              0x0800c9fb   Thumb Code    76  vl53lxx_i2c.o(i.vl53l1Write)
    vl53l1xSetParam                          0x0800ca49   Thumb Code    78  vl53l1x.o(i.vl53l1xSetParam)
    vl53lxxInit                              0x0800ca9d   Thumb Code    52  vl53lxx.o(i.vl53lxxInit)
    TX_ADDRESS                               0x0800cad8   Data           5  nrf24l01.o(.constdata)
    RX_ADDRESS                               0x0800cadd   Data           5  nrf24l01.o(.constdata)
    M_PI                                     0x0800cae4   Data           4  mymath.o(.constdata)
    RtA                                      0x0800cae8   Data           4  mymath.o(.constdata)
    AtR                                      0x0800caec   Data           4  mymath.o(.constdata)
    Gyro_G                                   0x0800caf0   Data           4  mymath.o(.constdata)
    Gyro_Gr                                  0x0800caf4   Data           4  mymath.o(.constdata)
    PI_2                                     0x0800caf8   Data           4  mymath.o(.constdata)
    Region$$Table$$Base                      0x0800cc78   Number         0  anon$$obj.o(Region$$Table)
    Region$$Table$$Limit                     0x0800cc98   Number         0  anon$$obj.o(Region$$Table)
    SystemCoreClock                          0x20000000   Data           4  system_stm32f10x.o(.data)
    AHBPrescTable                            0x20000004   Data          16  system_stm32f10x.o(.data)
    SysTick_count22                          0x20000018   Data           4  delay.o(.data)
    sys_init_ok                              0x2000001c   Data           1  delay.o(.data)
    time_sum                                 0x20000024   Data           4  scheduler.o(.data)
    FlightPidControl_period_temp             0x20000028   Data           4  scheduler.o(.data)
    GetAngle_period_temp                     0x2000002c   Data           4  scheduler.o(.data)
    HeightPidControl_period_temp             0x20000030   Data           4  scheduler.o(.data)
    Flow_Pos_Controler_period_temp           0x20000034   Data           4  scheduler.o(.data)
    FlightPidControl_period                  0x20000038   Data           4  scheduler.o(.data)
    GetAngle_period                          0x2000003c   Data           4  scheduler.o(.data)
    HeightPidControl_period                  0x20000040   Data           4  scheduler.o(.data)
    Flow_Pos_Controler_period                0x20000044   Data           4  scheduler.o(.data)
    count_my                                 0x20000048   Data           4  scheduler.o(.data)
    SysTick_count                            0x20000050   Data           4  init.o(.data)
    spl_flag                                 0x20000054   Data           1  init.o(.data)
    AK8975                                   0x20000056   Data           6  init.o(.data)
    ST_CpuID                                 0x2000005c   Data           4  init.o(.data)
    Command                                  0x20000060   Data           3  init.o(.data)
    ADC_ConvertedValue                       0x2000007c   Data           4  adc.o(.data)
    voltage                                  0x20000080   Data           2  adc.o(.data)
    TxCounter                                0x2000008c   Data           1  uart1.o(.data)
    count                                    0x2000008d   Data           1  uart1.o(.data)
    com_data                                 0x2000008e   Data           1  uart1.o(.data)
    TxCounter2                               0x20000094   Data           1  usart2.o(.data)
    count2                                   0x20000095   Data           1  usart2.o(.data)
    LED                                      0x2000009c   Data           4  led.o(.data)
    LED_warn                                 0x200000a0   Data           1  led.o(.data)
    falg_Time                                0x200000a2   Data           2  led.o(.data)
    MPU_Err                                  0x200000ac   Data           1  nrf24l01.o(.data)
    NRF_Err                                  0x200000ad   Data           1  nrf24l01.o(.data)
    SPL_Err                                  0x200000ae   Data           1  nrf24l01.o(.data)
    NRF_SSI                                  0x200000af   Data           1  nrf24l01.o(.data)
    NRF_SSI_CNT                              0x200000b0   Data           1  nrf24l01.o(.data)
    Nrf_Erro                                 0x200000b2   Data           2  nrf24l01.o(.data)
    _CH                                      0x200000b4   Data           1  nrf24l01.o(.data)
    ult_err                                  0x20000110   Data           1  spl06.o(.data)
    ult_ok                                   0x20000111   Data           1  spl06.o(.data)
    Locat_SSI                                0x20000112   Data           1  spl06.o(.data)
    Locat_SSI_CNT                            0x20000113   Data           1  spl06.o(.data)
    Locat_Err                                0x20000114   Data           1  spl06.o(.data)
    Locat_Mode                               0x20000115   Data           1  spl06.o(.data)
    Flow_SSI                                 0x20000116   Data           1  spl06.o(.data)
    Flow_SSI_CNT                             0x20000117   Data           1  spl06.o(.data)
    Flow_Err                                 0x20000118   Data           1  spl06.o(.data)
    alt_3                                    0x2000011c   Data           4  spl06.o(.data)
    height                                   0x20000120   Data           4  spl06.o(.data)
    temperature                              0x20000124   Data           4  spl06.o(.data)
    baro_pressure                            0x20000128   Data           4  spl06.o(.data)
    baro_height                              0x2000012c   Data           4  spl06.o(.data)
    baro_height_old                          0x20000130   Data           4  spl06.o(.data)
    baro_Offset                              0x20000134   Data           4  spl06.o(.data)
    baro_speed_o                             0x20000138   Data           4  spl06.o(.data)
    baro_speed                               0x2000013c   Data           4  spl06.o(.data)
    speed_av                                 0x20000140   Data           4  spl06.o(.data)
    speed_av_cnt                             0x20000144   Data           2  spl06.o(.data)
    speed_delta                              0x20000148   Data           4  spl06.o(.data)
    speed_delta_lpf                          0x2000014c   Data           4  spl06.o(.data)
    baro_start                               0x20000150   Data           1  spl06.o(.data)
    wcz_ref_h                                0x20000154   Data           4  spl06.o(.data)
    wcz_ref_hs                               0x20000158   Data           4  spl06.o(.data)
    wcz_ref_x                                0x2000015c   Data           4  spl06.o(.data)
    wcz_ref_xs                               0x20000160   Data           4  spl06.o(.data)
    wcz_ref_y                                0x20000164   Data           4  spl06.o(.data)
    wcz_ref_ys                               0x20000168   Data           4  spl06.o(.data)
    high_calc_en                             0x2000016c   Data           1  spl06.o(.data)
    temp_flag_hcsr04                         0x200001c8   Data           4  hcsr04.o(.data)
    Distance                                 0x200001cc   Data           4  hcsr04.o(.data)
    Distance_temp                            0x200001d0   Data           4  hcsr04.o(.data)
    t1count                                  0x200001d4   Data           4  hcsr04.o(.data)
    rising_flag                              0x200001d8   Data           1  hcsr04.o(.data)
    number                                   0x200001dc   Data           4  hcsr04.o(.data)
    times                                    0x200001e0   Data           4  hcsr04.o(.data)
    MV_SSI_CNT                               0x200001e8   Data           1  esp32cam.o(.data)
    MV_SSI                                   0x200001e9   Data           1  esp32cam.o(.data)
    _I2CBuffer                               0x200001f4   Data           8  vl53l1x.o(.data)
    vl53lxxId                                0x20000200   Data           2  vl53lxx.o(.data)
    isEnableVl53lxx                          0x20000202   Data           1  vl53lxx.o(.data)
    quality                                  0x2000020c   Data           4  vl53lxx.o(.data)
    flag                                     0x20000214   Data           6  ano_dt.o(.data)
    TxCounter3                               0x20000222   Data           1  ano_dt.o(.data)
    count3                                   0x20000223   Data           1  ano_dt.o(.data)
    test_flag                                0x2000022c   Data           2  remote.o(.data)
    set_flag                                 0x2000022e   Data           2  remote.o(.data)
    TEMP_AUX3                                0x20000230   Data           2  remote.o(.data)
    TEMP_AUX4                                0x20000232   Data           2  remote.o(.data)
    TEMP_AUX5                                0x20000234   Data           2  remote.o(.data)
    TEMP_AUX6                                0x20000236   Data           2  remote.o(.data)
    Rc_Connect_flag                          0x20000238   Data           1  remote.o(.data)
    Throttle_out                             0x20000254   Data           4  control.o(.data)
    flag_line_follow_last                    0x20000258   Data           4  control.o(.data)
    flight_mode                              0x2000025c   Data           1  control.o(.data)
    flight_mode_last                         0x2000025d   Data           1  control.o(.data)
    AUX1_temp                                0x20000260   Data           4  control.o(.data)
    pPidObject                               0x20000264   Data          48  control.o(.data)
    HIGH_START                               0x20000294   Data           2  control.o(.data)
    Control_high                             0x20000298   Data           4  control.o(.data)
    altHold_Pos_Save                         0x2000029c   Data           4  control.o(.data)
    Pos_breaktime                            0x200002a0   Data           4  control.o(.data)
    Pos_break_save                           0x200002a4   Data           4  control.o(.data)
    motor                                    0x200002a8   Data           8  control.o(.data)
    WIFI_UFO_Err                             0x200002d0   Data           2  wifi_ufo.o(.data)
    WIFI_SSI                                 0x200002d2   Data           1  wifi_ufo.o(.data)
    WIFI_SSI_CNT                             0x200002d3   Data           1  wifi_ufo.o(.data)
    cnt                                      0x200002e0   Data           1  ano_data_transfer.o(.data)
    yaw_lock                                 0x200002e1   Data           1  ano_data_transfer.o(.data)
    Send_Check                               0x200002e2   Data           1  ano_data_transfer.o(.data)
    loop                                     0x20000368   Data          18  scheduler.o(.bss)
    time                                     0x2000037c   Data          40  scheduler.o(.bss)
    MPU6050                                  0x200003d0   Data          12  init.o(.bss)
    MPU6050_nf                               0x200003dc   Data          12  init.o(.bss)
    Angle                                    0x200003e8   Data          12  init.o(.bss)
    Angle_nf                                 0x200003f4   Data          12  init.o(.bss)
    Remote                                   0x20000400   Data          22  init.o(.bss)
    ALL_flag                                 0x20000418   Data          16  init.o(.bss)
    FlightData                               0x20000428   Data          16  init.o(.bss)
    pidRateX                                 0x20000438   Data         128  init.o(.bss)
    pidRateY                                 0x200004b8   Data         128  init.o(.bss)
    pidRateZ                                 0x20000538   Data         128  init.o(.bss)
    pidPitch                                 0x200005b8   Data         128  init.o(.bss)
    pidRoll                                  0x20000638   Data         128  init.o(.bss)
    pidYaw                                   0x200006b8   Data         128  init.o(.bss)
    pidHeightRate                            0x20000738   Data         128  init.o(.bss)
    pidHeightHigh                            0x200007b8   Data         128  init.o(.bss)
    Flow_PosPid_x                            0x20000838   Data         128  init.o(.bss)
    Flow_PosPid_y                            0x200008b8   Data         128  init.o(.bss)
    Flow_SpeedPid_x                          0x20000938   Data         128  init.o(.bss)
    Flow_SpeedPid_y                          0x200009b8   Data         128  init.o(.bss)
    IMU                                      0x20000a38   Data          40  init.o(.bss)
    TxBuffer                                 0x20000a8c   Data         256  uart1.o(.bss)
    TxBuffer2                                0x20000bb8   Data         256  usart2.o(.bss)
    NRF24L01_2_RXDATA                        0x20000ce4   Data          32  nrf24l01.o(.bss)
    NRF24L01_2_TXDATA                        0x20000d04   Data          32  nrf24l01.o(.bss)
    MpuOffset                                0x20000d50   Data          12  mpu6050.o(.bss)
    speed_av_arr                             0x20000d94   Data          40  spl06.o(.bss)
    wcz_h_fus                                0x20000dbc   Data          24  spl06.o(.bss)
    wcz_hs_fus                               0x20000dd4   Data          24  spl06.o(.bss)
    wcz_x_fus                                0x20000dec   Data          24  spl06.o(.bss)
    wcz_xs_fus                               0x20000e04   Data          24  spl06.o(.bss)
    wcz_y_fus                                0x20000e1c   Data          24  spl06.o(.bss)
    wcz_ys_fus                               0x20000e34   Data          24  spl06.o(.bss)
    mini                                     0x20000e78   Data          48  flow.o(.bss)
    pixel_flow                               0x20000ea8   Data          92  flow.o(.bss)
    mv                                       0x20000f50   Data          48  esp32cam.o(.bss)
    dev                                      0x20000fcc   Data         928  vl53l1x.o(.bss)
    vl53lxx                                  0x20001398   Data          12  vl53lxx.o(.bss)
    TxBuffer3                                0x20001434   Data         256  ano_dt.o(.bss)
    f                                        0x20001594   Data          14  ano_data_transfer.o(.bss)
    data_to_send                             0x200015a2   Data          50  ano_data_transfer.o(.bss)
    __initial_sp                             0x200019f0   Data           0  startup_stm32f10x_md.o(STACK)



==============================================================================

Memory Map of the image

  Image Entry point : 0x080000ed

  Load Region LR_IROM1 (Base: 0x08000000, Size: 0x0000cfd4, Max: 0x00010000, ABSOLUTE, COMPRESSED[0x0000cd44])

    Execution Region ER_IROM1 (Base: 0x08000000, Size: 0x0000cc98, Max: 0x00010000, ABSOLUTE)

    Base Addr    Size         Type   Attr      Idx    E Section Name        Object

    0x08000000   0x000000ec   Data   RO          105    RESET               startup_stm32f10x_md.o
    0x080000ec   0x00000000   Code   RO         7135  * .ARM.Collect$$$$00000000  mc_w.l(entry.o)
    0x080000ec   0x00000004   Code   RO         7508    .ARM.Collect$$$$00000001  mc_w.l(entry2.o)
    0x080000f0   0x00000004   Code   RO         7511    .ARM.Collect$$$$00000004  mc_w.l(entry5.o)
    0x080000f4   0x00000000   Code   RO         7513    .ARM.Collect$$$$00000008  mc_w.l(entry7b.o)
    0x080000f4   0x00000000   Code   RO         7515    .ARM.Collect$$$$0000000A  mc_w.l(entry8b.o)
    0x080000f4   0x00000008   Code   RO         7516    .ARM.Collect$$$$0000000B  mc_w.l(entry9a.o)
    0x080000fc   0x00000000   Code   RO         7518    .ARM.Collect$$$$0000000D  mc_w.l(entry10a.o)
    0x080000fc   0x00000000   Code   RO         7520    .ARM.Collect$$$$0000000F  mc_w.l(entry11a.o)
    0x080000fc   0x00000004   Code   RO         7509    .ARM.Collect$$$$00002712  mc_w.l(entry2.o)
    0x08000100   0x00000024   Code   RO          106    .text               startup_stm32f10x_md.o
    0x08000124   0x00000024   Code   RO         7138    .text               mc_w.l(memcpya.o)
    0x08000148   0x00000024   Code   RO         7140    .text               mc_w.l(memseta.o)
    0x0800016c   0x00000018   Code   RO         7142    .text               mc_w.l(strncpy.o)
    0x08000184   0x000000b0   Code   RO         7407    .text               mf_w.l(fadd.o)
    0x08000234   0x00000064   Code   RO         7409    .text               mf_w.l(fmul.o)
    0x08000298   0x0000007c   Code   RO         7411    .text               mf_w.l(fdiv.o)
    0x08000314   0x0000014e   Code   RO         7413    .text               mf_w.l(dadd.o)
    0x08000462   0x000000e4   Code   RO         7415    .text               mf_w.l(dmul.o)
    0x08000546   0x000000de   Code   RO         7417    .text               mf_w.l(ddiv.o)
    0x08000624   0x00000012   Code   RO         7419    .text               mf_w.l(fflti.o)
    0x08000636   0x0000000a   Code   RO         7421    .text               mf_w.l(ffltui.o)
    0x08000640   0x00000022   Code   RO         7423    .text               mf_w.l(dflti.o)
    0x08000662   0x0000001a   Code   RO         7425    .text               mf_w.l(dfltui.o)
    0x0800067c   0x00000032   Code   RO         7427    .text               mf_w.l(ffixi.o)
    0x080006ae   0x00000028   Code   RO         7429    .text               mf_w.l(ffixui.o)
    0x080006d6   0x0000003e   Code   RO         7431    .text               mf_w.l(dfixi.o)
    0x08000714   0x00000026   Code   RO         7435    .text               mf_w.l(f2d.o)
    0x0800073a   0x00000002   PAD
    0x0800073c   0x00000030   Code   RO         7437    .text               mf_w.l(cdcmple.o)
    0x0800076c   0x00000030   Code   RO         7439    .text               mf_w.l(cdrcmple.o)
    0x0800079c   0x00000038   Code   RO         7441    .text               mf_w.l(d2f.o)
    0x080007d4   0x00000014   Code   RO         7443    .text               mf_w.l(cfcmple.o)
    0x080007e8   0x00000014   Code   RO         7445    .text               mf_w.l(cfrcmple.o)
    0x080007fc   0x0000001e   Code   RO         7527    .text               mc_w.l(llshl.o)
    0x0800081a   0x00000020   Code   RO         7529    .text               mc_w.l(llushr.o)
    0x0800083a   0x00000024   Code   RO         7531    .text               mc_w.l(llsshr.o)
    0x0800085e   0x00000000   Code   RO         7540    .text               mc_w.l(iusefp.o)
    0x0800085e   0x0000006e   Code   RO         7541    .text               mf_w.l(fepilogue.o)
    0x080008cc   0x00000018   Code   RO         7543    .text               mf_w.l(fscalb.o)
    0x080008e4   0x000000ba   Code   RO         7545    .text               mf_w.l(depilogue.o)
    0x0800099e   0x0000002e   Code   RO         7547    .text               mf_w.l(dscalb.o)
    0x080009cc   0x00000024   Code   RO         7551    .text               mc_w.l(init.o)
    0x080009f0   0x000000a2   Code   RO         7555    .text               mf_w.l(dsqrt.o)
    0x08000a92   0x00000056   Code   RO         7565    .text               mc_w.l(__dczerorl2.o)
    0x08000ae8   0x00000030   Code   RO         3717    i.ADC1_GPIO_Config  adc.o
    0x08000b18   0x0000000c   Code   RO         3718    i.ADC1_Init         adc.o
    0x08000b24   0x000000e0   Code   RO         3719    i.ADC1_Mode_Config  adc.o
    0x08000c04   0x00000016   Code   RO          614    i.ADC_Cmd           stm32f10x_adc.o
    0x08000c1a   0x00000016   Code   RO          615    i.ADC_DMACmd        stm32f10x_adc.o
    0x08000c30   0x00000014   Code   RO          622    i.ADC_GetCalibrationStatus  stm32f10x_adc.o
    0x08000c44   0x00000014   Code   RO          628    i.ADC_GetResetCalibrationStatus  stm32f10x_adc.o
    0x08000c58   0x00000050   Code   RO          632    i.ADC_Init          stm32f10x_adc.o
    0x08000ca8   0x000000b8   Code   RO          636    i.ADC_RegularChannelConfig  stm32f10x_adc.o
    0x08000d60   0x0000000a   Code   RO          637    i.ADC_ResetCalibration  stm32f10x_adc.o
    0x08000d6a   0x00000016   Code   RO          639    i.ADC_SoftwareStartConvCmd  stm32f10x_adc.o
    0x08000d80   0x0000000a   Code   RO          641    i.ADC_StartCalibration  stm32f10x_adc.o
    0x08000d8a   0x00000002   PAD
    0x08000d8c   0x00000098   Code   RO          537    i.ALL_Init          init.o
    0x08000e24   0x00000728   Code   RO         5066    i.ANO_DT_Data_Exchange  ano_data_transfer.o
    0x0800154c   0x00000208   Code   RO         4853    i.ANO_DT_Data_Receive_Anl  ano_dt.o
    0x08001754   0x000000e8   Code   RO         4854    i.ANO_DT_Data_Receive_Prepare  ano_dt.o
    0x0800183c   0x00000084   Code   RO         4855    i.ANO_DT_Send_Check  ano_dt.o
    0x080018c0   0x00000010   Code   RO         5067    i.ANO_DT_Send_Data  ano_data_transfer.o
    0x080018d0   0x00000184   Code   RO         5070    i.ANO_DT_Send_PID   ano_data_transfer.o
    0x08001a54   0x000000f4   Code   RO         5071    i.ANO_DT_Send_Power  ano_data_transfer.o
    0x08001b48   0x00000164   Code   RO         5072    i.ANO_DT_Send_RCData  ano_data_transfer.o
    0x08001cac   0x0000019c   Code   RO         5073    i.ANO_DT_Send_Senser  ano_data_transfer.o
    0x08001e48   0x000000a0   Code   RO         5074    i.ANO_DT_Send_Senser2  ano_data_transfer.o
    0x08001ee8   0x00000148   Code   RO         5076    i.ANO_DT_Send_Status  ano_data_transfer.o
    0x08002030   0x000000b4   Code   RO         5078    i.ANO_DT_Send_speed  ano_data_transfer.o
    0x080020e4   0x00000150   Code   RO         5080    i.ANO_DT_Send_user_f_4  ano_data_transfer.o
    0x08002234   0x00000060   Code   RO         3930    i.ANO_NRF_Check_Event  nrf24l01.o
    0x08002294   0x000000fc   Code   RO         3931    i.ANO_NRF_Init      nrf24l01.o
    0x08002390   0x00000028   Code   RO         3932    i.ANO_NRF_TxPacket_AP  nrf24l01.o
    0x080023b8   0x000000d4   Code   RO         3813    i.ANO_Uart1_Init    uart1.o
    0x0800248c   0x000003e0   Code   RO         4857    i.ANTO_Send         ano_dt.o
    0x0800286c   0x0000029c   Code   RO         4858    i.ANTO_polling      ano_dt.o
    0x08002b08   0x00000004   Code   RO          110    i.BusFault_Handler  stm32f10x_it.o
    0x08002b0c   0x0000001e   Code   RO         5445    i.CascadePID        pid.o
    0x08002b2a   0x00000098   Code   RO         5472    i.ChangePresetMode  vl53l1_api.o
    0x08002bc2   0x00000002   PAD
    0x08002bc4   0x000000fc   Code   RO         4924    i.Climbing          remote.o
    0x08002cc0   0x00000074   Code   RO         5474    i.ComputeDevicePresetMode  vl53l1_api.o
    0x08002d34   0x000000a0   Code   RO         5475    i.ComputeRQL        vl53l1_api.o
    0x08002dd4   0x00000048   Code   RO         5478    i.ConvertStatusLite  vl53l1_api.o
    0x08002e1c   0x00000018   Code   RO         1314    i.DMA_Cmd           stm32f10x_dma.o
    0x08002e34   0x0000014c   Code   RO         1315    i.DMA_DeInit        stm32f10x_dma.o
    0x08002f80   0x0000003c   Code   RO         1320    i.DMA_Init          stm32f10x_dma.o
    0x08002fbc   0x00000002   Code   RO          111    i.DebugMon_Handler  stm32f10x_it.o
    0x08002fbe   0x00000002   PAD
    0x08002fc0   0x00000174   Code   RO         4925    i.Descending        remote.o
    0x08003134   0x000000a8   Code   RO         4229    i.Drv_Spl0601_Read  spl06.o
    0x080031dc   0x000000f4   Code   RO          465    i.Duty_1000ms       scheduler.o
    0x080032d0   0x000000b8   Code   RO          466    i.Duty_10ms         scheduler.o
    0x08003388   0x00000024   Code   RO          467    i.Duty_20ms         scheduler.o
    0x080033ac   0x0000006c   Code   RO          468    i.Duty_2ms          scheduler.o
    0x08003418   0x00000038   Code   RO          469    i.Duty_4ms          scheduler.o
    0x08003450   0x00000030   Code   RO          470    i.Duty_50ms         scheduler.o
    0x08003480   0x0000008c   Code   RO          471    i.Duty_6ms          scheduler.o
    0x0800350c   0x000000ec   Code   RO         4392    i.EXTI15_10_IRQHandler  hcsr04.o
    0x080035f8   0x0000000c   Code   RO         1385    i.EXTI_ClearITPendingBit  stm32f10x_exti.o
    0x08003604   0x00000028   Code   RO         1389    i.EXTI_GetITStatus  stm32f10x_exti.o
    0x0800362c   0x000000a8   Code   RO         5081    i.Flag_Check        ano_data_transfer.o
    0x080036d4   0x00000140   Code   RO         4974    i.FlightPidControl  control.o
    0x08003814   0x000001e4   Code   RO         4975    i.Flow_Pos_Controler  control.o
    0x080039f8   0x00000258   Code   RO         4362    i.Flow_Receive1     flow.o
    0x08003c50   0x00000258   Code   RO         4976    i.Flow_mode_two     control.o
    0x08003ea8   0x00000116   Code   RO         1741    i.GPIO_Init         stm32f10x_gpio.o
    0x08003fbe   0x00000002   PAD
    0x08003fc0   0x00000090   Code   RO         1743    i.GPIO_PinRemapConfig  stm32f10x_gpio.o
    0x08004050   0x00000004   Code   RO         1749    i.GPIO_SetBits      stm32f10x_gpio.o
    0x08004054   0x0000000c   Code   RO         5314    i.GetAccz           imu.o
    0x08004060   0x0000076c   Code   RO         5315    i.GetAngle          imu.o
    0x080047cc   0x00000714   Code   RO         5316    i.GetAngle_nf       imu.o
    0x08004ee0   0x00000014   Code   RO          538    i.GetLockCode       init.o
    0x08004ef4   0x00000044   Code   RO          407    i.GetSysTime_us     delay.o
    0x08004f38   0x00000004   Code   RO          112    i.HardFault_Handler  stm32f10x_it.o
    0x08004f3c   0x000001e0   Code   RO         4977    i.HeightPidControl  control.o
    0x0800511c   0x00000284   Code   RO         4230    i.Height_Get        spl06.o
    0x080053a0   0x00000114   Code   RO         4231    i.High_Data_Calc    spl06.o
    0x080054b4   0x00000018   Code   RO         4232    i.High_Data_Reset   spl06.o
    0x080054cc   0x000000cc   Code   RO         3566    i.I2c_Ack           iic_software.o
    0x08005598   0x000000cc   Code   RO         3567    i.I2c_NoAck         iic_software.o
    0x08005664   0x000000c0   Code   RO         3568    i.I2c_ReadByte      iic_software.o
    0x08005724   0x000000c0   Code   RO         3569    i.I2c_SendByte      iic_software.o
    0x080057e4   0x00000088   Code   RO         3570    i.I2c_Soft_ReadByte  iic_software.o
    0x0800586c   0x00000094   Code   RO         3571    i.I2c_Start         iic_software.o
    0x08005900   0x0000009c   Code   RO         3572    i.I2c_Stop          iic_software.o
    0x0800599c   0x000000b8   Code   RO         3573    i.I2c_WaitAck       iic_software.o
    0x08005a54   0x0000002c   Code   RO         3574    i.IIC_Init          iic_software.o
    0x08005a80   0x00000052   Code   RO         3575    i.IIC_Read_1Byte    iic_software.o
    0x08005ad2   0x00000064   Code   RO         3576    i.IIC_Read_One_Byte  iic_software.o
    0x08005b36   0x00000044   Code   RO         3579    i.IIC_Write_One_Byte  iic_software.o
    0x08005b7a   0x0000007c   Code   RO         3580    i.IIC_read_Bytes    iic_software.o
    0x08005bf6   0x00000002   PAD
    0x08005bf8   0x00000010   Code   RO         2053    i.IWDG_Enable       stm32f10x_iwdg.o
    0x08005c08   0x00000008   Code   RO          192    i.IWDG_Feed         main.o
    0x08005c10   0x00000024   Code   RO          193    i.IWDG_Init         main.o
    0x08005c34   0x00000010   Code   RO         2055    i.IWDG_ReloadCounter  stm32f10x_iwdg.o
    0x08005c44   0x0000000c   Code   RO         2056    i.IWDG_SetPrescaler  stm32f10x_iwdg.o
    0x08005c50   0x0000000c   Code   RO         2057    i.IWDG_SetReload    stm32f10x_iwdg.o
    0x08005c5c   0x0000000c   Code   RO         2058    i.IWDG_WriteAccessCmd  stm32f10x_iwdg.o
    0x08005c68   0x00000044   Code   RO         3905    i.LEDInit           led.o
    0x08005cac   0x0000006c   Code   RO          472    i.Loop_check        scheduler.o
    0x08005d18   0x00000278   Code   RO         4430    i.MV_Receive        esp32cam.o
    0x08005f90   0x00000004   Code   RO          113    i.MemManage_Handler  stm32f10x_it.o
    0x08005f94   0x00000134   Code   RO         4978    i.Mode_Controler    control.o
    0x080060c8   0x000002a8   Code   RO         4979    i.MotorControl      control.o
    0x08006370   0x000000a4   Code   RO         5186    i.Moving_Average    filter.o
    0x08006414   0x00000108   Code   RO         4174    i.MpuGetData        mpu6050.o
    0x0800651c   0x00000128   Code   RO         4175    i.MpuGetOffset      mpu6050.o
    0x08006644   0x000000a8   Code   RO         4176    i.MpuInit           mpu6050.o
    0x080066ec   0x00000002   Code   RO          114    i.NMI_Handler       stm32f10x_it.o
    0x080066ee   0x00000002   PAD
    0x080066f0   0x00000050   Code   RO         3933    i.NRF24L01_Check    nrf24l01.o
    0x08006740   0x00000090   Code   RO         3934    i.NRF24L01_Configuration  nrf24l01.o
    0x080067d0   0x00000044   Code   RO         3935    i.NRF24L01_Read_Buf  nrf24l01.o
    0x08006814   0x0000002c   Code   RO         3936    i.NRF24L01_Read_Reg  nrf24l01.o
    0x08006840   0x00000044   Code   RO         3939    i.NRF24L01_Write_Buf  nrf24l01.o
    0x08006884   0x00000030   Code   RO         3940    i.NRF24L01_Write_Reg  nrf24l01.o
    0x080068b4   0x00000064   Code   RO         3941    i.NRF24L01_init     nrf24l01.o
    0x08006918   0x00000060   Code   RO         3942    i.NRF_Connect       nrf24l01.o
    0x08006978   0x00000070   Code   RO          572    i.NVIC_Init         misc.o
    0x080069e8   0x00000014   Code   RO          573    i.NVIC_PriorityGroupConfig  misc.o
    0x080069fc   0x00000002   Code   RO          115    i.PendSV_Handler    stm32f10x_it.o
    0x080069fe   0x00000002   PAD
    0x08006a00   0x00000180   Code   RO         3906    i.PilotLED          led.o
    0x08006b80   0x00000250   Code   RO         4363    i.Pixel_Flow_Fix    flow.o
    0x08006dd0   0x00000050   Code   RO         5349    i.Q_rsqrt           mymath.o
    0x08006e20   0x00000018   Code   RO         2161    i.RCC_ADCCLKConfig  stm32f10x_rcc.o
    0x08006e38   0x00000020   Code   RO         2162    i.RCC_AHBPeriphClockCmd  stm32f10x_rcc.o
    0x08006e58   0x00000020   Code   RO         2163    i.RCC_APB1PeriphClockCmd  stm32f10x_rcc.o
    0x08006e78   0x00000020   Code   RO         2165    i.RCC_APB2PeriphClockCmd  stm32f10x_rcc.o
    0x08006e98   0x000000d4   Code   RO         2173    i.RCC_GetClocksFreq  stm32f10x_rcc.o
    0x08006f6c   0x00000108   Code   RO         4926    i.RC_Analy          remote.o
    0x08007074   0x00000020   Code   RO         4927    i.Rc_Connect        remote.o
    0x08007094   0x00000018   Code   RO         2645    i.SPI_Cmd           stm32f10x_spi.o
    0x080070ac   0x00000094   Code   RO         3752    i.SPI_Config        spi.o
    0x08007140   0x00000012   Code   RO         2653    i.SPI_I2S_GetFlagStatus  stm32f10x_spi.o
    0x08007152   0x00000006   Code   RO         2656    i.SPI_I2S_ReceiveData  stm32f10x_spi.o
    0x08007158   0x00000004   Code   RO         2657    i.SPI_I2S_SendData  stm32f10x_spi.o
    0x0800715c   0x0000003c   Code   RO         2658    i.SPI_Init          stm32f10x_spi.o
    0x08007198   0x00000038   Code   RO         3753    i.SPI_RW            spi.o
    0x080071d0   0x00000002   Code   RO          116    i.SVC_Handler       stm32f10x_it.o
    0x080071d2   0x00000040   Code   RO         5479    i.SetLimitValue     vl53l1_api.o
    0x08007212   0x00000072   Code   RO         5480    i.SetPresetMode     vl53l1_api.o
    0x08007284   0x00000154   Code   RO         5481    i.SetSimpleData     vl53l1_api.o
    0x080073d8   0x00000008   Code   RO           17    i.SetSysClock       system_stm32f10x.o
    0x080073e0   0x000000e0   Code   RO           18    i.SetSysClockTo72   system_stm32f10x.o
    0x080074c0   0x00000008   Code   RO          117    i.SysTick_Handler   stm32f10x_it.o
    0x080074c8   0x00000048   Code   RO          408    i.SysTick_IRQ       delay.o
    0x08007510   0x00000060   Code   RO           20    i.SystemInit        system_stm32f10x.o
    0x08007570   0x0000001c   Code   RO         3685    i.TIM1_UP_IRQHandler  tim.o
    0x0800758c   0x000000e0   Code   RO         3686    i.TIM2_PWM_Config   tim.o
    0x0800766c   0x000000f0   Code   RO         3687    i.TIM3_PWM_Config   tim.o
    0x0800775c   0x00000018   Code   RO         2788    i.TIM_ARRPreloadConfig  stm32f10x_tim.o
    0x08007774   0x00000006   Code   RO         2795    i.TIM_ClearITPendingBit  stm32f10x_tim.o
    0x0800777a   0x00000018   Code   RO         2800    i.TIM_Cmd           stm32f10x_tim.o
    0x08007792   0x00000006   Code   RO         2819    i.TIM_GetCounter    stm32f10x_tim.o
    0x08007798   0x00000022   Code   RO         2821    i.TIM_GetITStatus   stm32f10x_tim.o
    0x080077ba   0x00000012   Code   RO         2825    i.TIM_ITConfig      stm32f10x_tim.o
    0x080077cc   0x00000098   Code   RO         2829    i.TIM_OC1Init       stm32f10x_tim.o
    0x08007864   0x00000012   Code   RO         2832    i.TIM_OC1PreloadConfig  stm32f10x_tim.o
    0x08007876   0x00000002   PAD
    0x08007878   0x000000a4   Code   RO         2834    i.TIM_OC2Init       stm32f10x_tim.o
    0x0800791c   0x0000001a   Code   RO         2837    i.TIM_OC2PreloadConfig  stm32f10x_tim.o
    0x08007936   0x00000002   PAD
    0x08007938   0x000000a0   Code   RO         2839    i.TIM_OC3Init       stm32f10x_tim.o
    0x080079d8   0x00000012   Code   RO         2842    i.TIM_OC3PreloadConfig  stm32f10x_tim.o
    0x080079ea   0x00000002   PAD
    0x080079ec   0x0000007c   Code   RO         2844    i.TIM_OC4Init       stm32f10x_tim.o
    0x08007a68   0x0000001a   Code   RO         2846    i.TIM_OC4PreloadConfig  stm32f10x_tim.o
    0x08007a82   0x00000004   Code   RO         2865    i.TIM_SetCounter    stm32f10x_tim.o
    0x08007a86   0x00000002   PAD
    0x08007a88   0x000000a4   Code   RO         2871    i.TIM_TimeBaseInit  stm32f10x_tim.o
    0x08007b2c   0x000000c8   Code   RO         3856    i.UART2_Init        usart2.o
    0x08007bf4   0x00000088   Code   RO         3817    i.USART1_IRQHandler  uart1.o
    0x08007c7c   0x0000008c   Code   RO         3860    i.USART2_IRQHandler  usart2.o
    0x08007d08   0x000000cc   Code   RO         3777    i.USART3_Config     usart3.o
    0x08007dd4   0x00000078   Code   RO         4859    i.USART3_IRQHandler  ano_dt.o
    0x08007e4c   0x00000030   Code   RO         3779    i.USART3_SendByte   usart3.o
    0x08007e7c   0x00000022   Code   RO         3334    i.USART_ClockInit   stm32f10x_usart.o
    0x08007e9e   0x00000018   Code   RO         3336    i.USART_Cmd         stm32f10x_usart.o
    0x08007eb6   0x0000001a   Code   RO         3339    i.USART_GetFlagStatus  stm32f10x_usart.o
    0x08007ed0   0x0000004a   Code   RO         3342    i.USART_ITConfig    stm32f10x_usart.o
    0x08007f1a   0x00000002   PAD
    0x08007f1c   0x000000d8   Code   RO         3343    i.USART_Init        stm32f10x_usart.o
    0x08007ff4   0x0000000a   Code   RO         3350    i.USART_ReceiveData  stm32f10x_usart.o
    0x08007ffe   0x00000008   Code   RO         3353    i.USART_SendData    stm32f10x_usart.o
    0x08008006   0x00000004   Code   RO          118    i.UsageFault_Handler  stm32f10x_it.o
    0x0800800a   0x00000034   Code   RO         5483    i.VL53L1_ClearInterruptAndStartMeasurement  vl53l1_api.o
    0x0800803e   0x00000064   Code   RO         5484    i.VL53L1_DataInit   vl53l1_api.o
    0x080080a2   0x0000002c   Code   RO         5488    i.VL53L1_GetInterMeasurementPeriodMilliSeconds  vl53l1_api.o
    0x080080ce   0x0000001c   Code   RO         5490    i.VL53L1_GetLimitCheckEnable  vl53l1_api.o
    0x080080ea   0x00000072   Code   RO         5493    i.VL53L1_GetLimitCheckValue  vl53l1_api.o
    0x0800815c   0x00000016   Code   RO         5494    i.VL53L1_GetMeasurementDataReady  vl53l1_api.o
    0x08008172   0x000000f4   Code   RO         5495    i.VL53L1_GetMeasurementTimingBudgetMicroSeconds  vl53l1_api.o
    0x08008266   0x00000044   Code   RO         5505    i.VL53L1_GetRangingMeasurementData  vl53l1_api.o
    0x080082aa   0x0000001e   Code   RO         5506    i.VL53L1_GetSequenceStepEnable  vl53l1_api.o
    0x080082c8   0x0000000a   Code   RO         4454    i.VL53L1_GetTickCount  vl53l1x.o
    0x080082d2   0x0000001e   Code   RO         4456    i.VL53L1_RdByte     vl53l1x.o
    0x080082f0   0x00000030   Code   RO         4458    i.VL53L1_RdWord     vl53l1x.o
    0x08008320   0x00000020   Code   RO         4459    i.VL53L1_ReadMulti  vl53l1x.o
    0x08008340   0x00000096   Code   RO         5519    i.VL53L1_SetDistanceMode  vl53l1_api.o
    0x080083d6   0x00000028   Code   RO         5520    i.VL53L1_SetInterMeasurementPeriodMilliSeconds  vl53l1_api.o
    0x080083fe   0x00000048   Code   RO         5521    i.VL53L1_SetLimitCheckEnable  vl53l1_api.o
    0x08008446   0x00000046   Code   RO         5522    i.VL53L1_SetLimitCheckValue  vl53l1_api.o
    0x0800848c   0x00000128   Code   RO         5523    i.VL53L1_SetMeasurementTimingBudgetMicroSeconds  vl53l1_api.o
    0x080085b4   0x00000062   Code   RO         5525    i.VL53L1_SetPresetMode  vl53l1_api.o
    0x08008616   0x000000a0   Code   RO         5531    i.VL53L1_StartMeasurement  vl53l1_api.o
    0x080086b6   0x0000002e   Code   RO         5532    i.VL53L1_StaticInit  vl53l1_api.o
    0x080086e4   0x0000001a   Code   RO         5533    i.VL53L1_StopMeasurement  vl53l1_api.o
    0x080086fe   0x00000016   Code   RO         5534    i.VL53L1_WaitDeviceBooted  vl53l1_api.o
    0x08008714   0x00000010   Code   RO         4461    i.VL53L1_WaitMs     vl53l1x.o
    0x08008724   0x0000001a   Code   RO         4462    i.VL53L1_WaitUs     vl53l1x.o
    0x0800873e   0x00000002   PAD
    0x08008740   0x00000098   Code   RO         4463    i.VL53L1_WaitValueMaskEx  vl53l1x.o
    0x080087d8   0x00000020   Code   RO         4467    i.VL53L1_WriteMulti  vl53l1x.o
    0x080087f8   0x00000020   Code   RO         6484    i.VL53L1_calc_decoded_timeout_us  vl53l1_core.o
    0x08008818   0x00000020   Code   RO         6485    i.VL53L1_calc_encoded_timeout  vl53l1_core.o
    0x08008838   0x00000032   Code   RO         6486    i.VL53L1_calc_macro_period_us  vl53l1_core.o
    0x0800886a   0x0000000e   Code   RO         6831    i.VL53L1_calc_pll_period_us  vl53l1_core_support.o
    0x08008878   0x00000068   Code   RO         6488    i.VL53L1_calc_range_ignore_threshold  vl53l1_core.o
    0x080088e0   0x00000010   Code   RO         6489    i.VL53L1_calc_timeout_mclks  vl53l1_core.o
    0x080088f0   0x00000096   Code   RO         6490    i.VL53L1_calc_timeout_register_values  vl53l1_core.o
    0x08008986   0x00000026   Code   RO         6491    i.VL53L1_calc_timeout_us  vl53l1_core.o
    0x080089ac   0x00000068   Code   RO         6492    i.VL53L1_check_ll_driver_rd_state  vl53l1_core.o
    0x08008a14   0x0000001a   Code   RO         5994    i.VL53L1_clear_interrupt_and_enable_next_range  vl53l1_api_core.o
    0x08008a2e   0x0000001e   Code   RO         6494    i.VL53L1_config_low_power_auto_mode  vl53l1_core.o
    0x08008a4c   0x00000086   Code   RO         6495    i.VL53L1_copy_rtn_good_spads_to_buffer  vl53l1_core.o
    0x08008ad2   0x000001e6   Code   RO         5995    i.VL53L1_copy_sys_and_core_results_to_range_results  vl53l1_api_core.o
    0x08008cb8   0x000000c6   Code   RO         5996    i.VL53L1_data_init  vl53l1_api_core.o
    0x08008d7e   0x0000002e   Code   RO         6832    i.VL53L1_decode_row_col  vl53l1_core_support.o
    0x08008dac   0x0000000e   Code   RO         6497    i.VL53L1_decode_timeout  vl53l1_core.o
    0x08008dba   0x0000000c   Code   RO         6833    i.VL53L1_decode_vcsel_period  vl53l1_core_support.o
    0x08008dc6   0x0000000c   Code   RO         6500    i.VL53L1_decode_zone_size  vl53l1_core.o
    0x08008dd2   0x00000022   Code   RO         6506    i.VL53L1_encode_row_col  vl53l1_core.o
    0x08008df4   0x00000028   Code   RO         6507    i.VL53L1_encode_timeout  vl53l1_core.o
    0x08008e1c   0x00000008   Code   RO         6510    i.VL53L1_encode_zone_size  vl53l1_core.o
    0x08008e24   0x0000002e   Code   RO         6867    i.VL53L1_get_customer_nvm_managed  vl53l1_register_funcs.o
    0x08008e52   0x000000a8   Code   RO         6001    i.VL53L1_get_device_results  vl53l1_api_core.o
    0x08008efa   0x0000002c   Code   RO         6002    i.VL53L1_get_inter_measurement_period_ms  vl53l1_api_core.o
    0x08008f26   0x00000012   Code   RO         6004    i.VL53L1_get_lite_min_count_rate  vl53l1_api_core.o
    0x08008f38   0x00000012   Code   RO         6005    i.VL53L1_get_lite_sigma_threshold  vl53l1_api_core.o
    0x08008f4a   0x000000b2   Code   RO         6007    i.VL53L1_get_measurement_results  vl53l1_api_core.o
    0x08008ffc   0x00000042   Code   RO         6008    i.VL53L1_get_mode_mitigation_roi  vl53l1_api_core.o
    0x0800903e   0x00000030   Code   RO         6868    i.VL53L1_get_nvm_copy_data  vl53l1_register_funcs.o
    0x0800906e   0x000000ca   Code   RO         6012    i.VL53L1_get_preset_mode_timing_cfg  vl53l1_api_core.o
    0x08009138   0x00000034   Code   RO         6015    i.VL53L1_get_sequence_config_bit  vl53l1_api_core.o
    0x0800916c   0x0000002a   Code   RO         6869    i.VL53L1_get_static_nvm_managed  vl53l1_register_funcs.o
    0x08009196   0x00000098   Code   RO         6016    i.VL53L1_get_timeouts_us  vl53l1_api_core.o
    0x0800922e   0x0000025e   Code   RO         6017    i.VL53L1_get_tuning_parm  vl53l1_api_core.o
    0x0800948c   0x0000002e   Code   RO         6018    i.VL53L1_get_user_zone  vl53l1_api_core.o
    0x080094ba   0x00000080   Code   RO         6871    i.VL53L1_i2c_decode_core_results  vl53l1_register_funcs.o
    0x0800953a   0x000000a4   Code   RO         6872    i.VL53L1_i2c_decode_customer_nvm_managed  vl53l1_register_funcs.o
    0x080095de   0x0000018a   Code   RO         6873    i.VL53L1_i2c_decode_debug_results  vl53l1_register_funcs.o
    0x08009768   0x00000026   Code   RO         6512    i.VL53L1_i2c_decode_int16_t  vl53l1_core.o
    0x0800978e   0x00000024   Code   RO         6513    i.VL53L1_i2c_decode_int32_t  vl53l1_core.o
    0x080097b2   0x00000142   Code   RO         6875    i.VL53L1_i2c_decode_nvm_copy_data  vl53l1_register_funcs.o
    0x080098f4   0x00000062   Code   RO         6877    i.VL53L1_i2c_decode_static_nvm_managed  vl53l1_register_funcs.o
    0x08009956   0x00000124   Code   RO         6878    i.VL53L1_i2c_decode_system_results  vl53l1_register_funcs.o
    0x08009a7a   0x0000001e   Code   RO         6514    i.VL53L1_i2c_decode_uint16_t  vl53l1_core.o
    0x08009a98   0x0000001c   Code   RO         6515    i.VL53L1_i2c_decode_uint32_t  vl53l1_core.o
    0x08009ab4   0x000000ac   Code   RO         6879    i.VL53L1_i2c_encode_customer_nvm_managed  vl53l1_register_funcs.o
    0x08009b60   0x0000008c   Code   RO         6880    i.VL53L1_i2c_encode_dynamic_config  vl53l1_register_funcs.o
    0x08009bec   0x00000092   Code   RO         6881    i.VL53L1_i2c_encode_general_config  vl53l1_register_funcs.o
    0x08009c7e   0x00000020   Code   RO         6517    i.VL53L1_i2c_encode_int16_t  vl53l1_core.o
    0x08009c9e   0x000000e6   Code   RO         6882    i.VL53L1_i2c_encode_static_config  vl53l1_register_funcs.o
    0x08009d84   0x00000062   Code   RO         6883    i.VL53L1_i2c_encode_static_nvm_managed  vl53l1_register_funcs.o
    0x08009de6   0x00000038   Code   RO         6884    i.VL53L1_i2c_encode_system_control  vl53l1_register_funcs.o
    0x08009e1e   0x00000090   Code   RO         6885    i.VL53L1_i2c_encode_timing_config  vl53l1_register_funcs.o
    0x08009eae   0x00000020   Code   RO         6519    i.VL53L1_i2c_encode_uint16_t  vl53l1_core.o
    0x08009ece   0x00000020   Code   RO         6520    i.VL53L1_i2c_encode_uint32_t  vl53l1_core.o
    0x08009eee   0x00000274   Code   RO         6022    i.VL53L1_init_and_start_range  vl53l1_api_core.o
    0x0800a162   0x00000026   Code   RO         6521    i.VL53L1_init_ll_driver_state  vl53l1_core.o
    0x0800a188   0x00000026   Code   RO         6336    i.VL53L1_init_offset_cal_config_struct  vl53l1_api_preset_modes.o
    0x0800a1ae   0x00000022   Code   RO         6337    i.VL53L1_init_refspadchar_config_struct  vl53l1_api_preset_modes.o
    0x0800a1d0   0x00000020   Code   RO         6338    i.VL53L1_init_ssc_config_struct  vl53l1_api_preset_modes.o
    0x0800a1f0   0x000000a4   Code   RO         6339    i.VL53L1_init_tuning_parm_storage_struct  vl53l1_api_preset_modes.o
    0x0800a294   0x0000001c   Code   RO         6523    i.VL53L1_init_version  vl53l1_core.o
    0x0800a2b0   0x00000066   Code   RO         6340    i.VL53L1_init_xtalk_config_struct  vl53l1_api_preset_modes.o
    0x0800a316   0x00000054   Code   RO         7037    i.VL53L1_is_new_data_ready  vl53l1_wait.o
    0x0800a36a   0x00000034   Code   RO         6525    i.VL53L1_low_power_auto_data_init  vl53l1_core.o
    0x0800a39e   0x00000050   Code   RO         6526    i.VL53L1_low_power_auto_data_stop_range  vl53l1_core.o
    0x0800a3ee   0x00000062   Code   RO         6527    i.VL53L1_low_power_auto_setup_manual_calibration  vl53l1_core.o
    0x0800a450   0x0000009e   Code   RO         6528    i.VL53L1_low_power_auto_update_DSS  vl53l1_core.o
    0x0800a4ee   0x00000038   Code   RO         7038    i.VL53L1_poll_for_boot_completion  vl53l1_wait.o
    0x0800a526   0x0000003c   Code   RO         6341    i.VL53L1_preset_mode_low_power_auto_long_ranging  vl53l1_api_preset_modes.o
    0x0800a562   0x0000003c   Code   RO         6342    i.VL53L1_preset_mode_low_power_auto_ranging  vl53l1_api_preset_modes.o
    0x0800a59e   0x0000003c   Code   RO         6343    i.VL53L1_preset_mode_low_power_auto_short_ranging  vl53l1_api_preset_modes.o
    0x0800a5da   0x00000030   Code   RO         6344    i.VL53L1_preset_mode_olt  vl53l1_api_preset_modes.o
    0x0800a60a   0x0000004e   Code   RO         6345    i.VL53L1_preset_mode_singleshot_ranging  vl53l1_api_preset_modes.o
    0x0800a658   0x0000013a   Code   RO         6346    i.VL53L1_preset_mode_standard_ranging  vl53l1_api_preset_modes.o
    0x0800a792   0x00000054   Code   RO         6347    i.VL53L1_preset_mode_standard_ranging_long_range  vl53l1_api_preset_modes.o
    0x0800a7e6   0x00000034   Code   RO         6348    i.VL53L1_preset_mode_standard_ranging_mm1_cal  vl53l1_api_preset_modes.o
    0x0800a81a   0x00000034   Code   RO         6349    i.VL53L1_preset_mode_standard_ranging_mm2_cal  vl53l1_api_preset_modes.o
    0x0800a84e   0x00000054   Code   RO         6350    i.VL53L1_preset_mode_standard_ranging_short_range  vl53l1_api_preset_modes.o
    0x0800a8a2   0x00000054   Code   RO         6351    i.VL53L1_preset_mode_timed_ranging  vl53l1_api_preset_modes.o
    0x0800a8f6   0x00000054   Code   RO         6352    i.VL53L1_preset_mode_timed_ranging_long_range  vl53l1_api_preset_modes.o
    0x0800a94a   0x00000056   Code   RO         6353    i.VL53L1_preset_mode_timed_ranging_short_range  vl53l1_api_preset_modes.o
    0x0800a9a0   0x0000009c   Code   RO         6023    i.VL53L1_read_p2p_data  vl53l1_api_core.o
    0x0800aa3c   0x0000002a   Code   RO         6028    i.VL53L1_set_inter_measurement_period_ms  vl53l1_api_core.o
    0x0800aa66   0x00000010   Code   RO         6030    i.VL53L1_set_lite_min_count_rate  vl53l1_api_core.o
    0x0800aa76   0x00000010   Code   RO         6031    i.VL53L1_set_lite_sigma_threshold  vl53l1_api_core.o
    0x0800aa86   0x000001da   Code   RO         6036    i.VL53L1_set_preset_mode  vl53l1_api_core.o
    0x0800ac60   0x0000002a   Code   RO         6891    i.VL53L1_set_system_control  vl53l1_register_funcs.o
    0x0800ac8a   0x00000050   Code   RO         6040    i.VL53L1_set_timeouts_us  vl53l1_api_core.o
    0x0800acda   0x0000002a   Code   RO         6042    i.VL53L1_set_user_zone  vl53l1_api_core.o
    0x0800ad04   0x00000020   Code   RO         6044    i.VL53L1_set_vhv_loopbound  vl53l1_api_core.o
    0x0800ad24   0x00000054   Code   RO         6046    i.VL53L1_stop_range  vl53l1_api_core.o
    0x0800ad78   0x00000082   Code   RO         6538    i.VL53L1_update_ll_driver_cfg_state  vl53l1_core.o
    0x0800adfa   0x000000ac   Code   RO         6539    i.VL53L1_update_ll_driver_rd_state  vl53l1_core.o
    0x0800aea6   0x00000002   PAD
    0x0800aea8   0x000000e8   Code   RO         3720    i.Voltage_Check     adc.o
    0x0800af90   0x00000028   Code   RO         7461    i.__ARM_fpclassify  m_ws.l(fpclassify.o)
    0x0800afb8   0x00000026   Code   RO         7463    i.__ARM_fpclassifyf  m_ws.l(fpclassifyf.o)
    0x0800afde   0x00000002   PAD
    0x0800afe0   0x00000388   Code   RO         7481    i.__ieee754_rem_pio2  m_ws.l(rred.o)
    0x0800b368   0x000000aa   Code   RO         7479    i.__kernel_poly     m_ws.l(poly.o)
    0x0800b412   0x00000002   PAD
    0x0800b414   0x0000027c   Code   RO         7502    i.__kernel_tan      m_ws.l(tan_i.o)
    0x0800b690   0x00000006   Code   RO         7448    i.__mathlib_dbl_infnan  m_ws.l(dunder.o)
    0x0800b696   0x0000000c   Code   RO         7450    i.__mathlib_dbl_invalid  m_ws.l(dunder.o)
    0x0800b6a2   0x00000002   PAD
    0x0800b6a4   0x00000010   Code   RO         7453    i.__mathlib_dbl_underflow  m_ws.l(dunder.o)
    0x0800b6b4   0x00000004   Code   RO         7467    i.__mathlib_flt_infnan2  m_ws.l(funder.o)
    0x0800b6b8   0x0000000a   Code   RO         7471    i.__mathlib_flt_underflow  m_ws.l(funder.o)
    0x0800b6c2   0x0000000e   Code   RO         7559    i.__scatterload_copy  mc_w.l(handlers.o)
    0x0800b6d0   0x00000002   Code   RO         7560    i.__scatterload_null  mc_w.l(handlers.o)
    0x0800b6d2   0x0000000e   Code   RO         7561    i.__scatterload_zeroinit  mc_w.l(handlers.o)
    0x0800b6e0   0x0000000c   Code   RO         7535    i.__set_errno       mc_w.l(errno.o)
    0x0800b6ec   0x00000052   Code   RO         5352    i.arctan            mymath.o
    0x0800b73e   0x00000002   PAD
    0x0800b740   0x00000270   Code   RO         7102    i.asin              m_ws.l(asin.o)
    0x0800b9b0   0x0000025c   Code   RO         7120    i.atan2f            m_ws.l(atan2f.o)
    0x0800bc0c   0x00000024   Code   RO          409    i.cycleCounterInit  delay.o
    0x0800bc30   0x00000030   Code   RO          410    i.delay_ms          delay.o
    0x0800bc60   0x0000006c   Code   RO         4233    i.fix_inte_filter   spl06.o
    0x0800bccc   0x00000058   Code   RO         5246    i.kalman_1          kalman.o
    0x0800bd24   0x00000084   Code   RO          194    i.main              main.o
    0x0800bda8   0x000000a4   Code   RO          473    i.main_loop         scheduler.o
    0x0800be4c   0x00000032   Code   RO         5446    i.pidRest           pid.o
    0x0800be7e   0x0000006a   Code   RO         5447    i.pidUpdate         pid.o
    0x0800bee8   0x00000130   Code   RO          539    i.pid_param_Init    init.o
    0x0800c018   0x000000f8   Code   RO         4661    i.read_vl53l1x      vl53lxx.o
    0x0800c110   0x00000170   Code   RO         4928    i.remote_unlock     remote.o
    0x0800c280   0x000001e4   Code   RO         4234    i.spl0601_get_calib_param  spl06.o
    0x0800c464   0x00000118   Code   RO         4236    i.spl0601_get_pressure1  spl06.o
    0x0800c57c   0x0000006c   Code   RO         4237    i.spl0601_get_raw_pressure  spl06.o
    0x0800c5e8   0x00000070   Code   RO         4238    i.spl0601_get_raw_temp  spl06.o
    0x0800c658   0x00000078   Code   RO         4239    i.spl0601_get_temperature  spl06.o
    0x0800c6d0   0x00000058   Code   RO         4240    i.spl0601_init      spl06.o
    0x0800c728   0x00000144   Code   RO         4241    i.spl0601_rateset   spl06.o
    0x0800c86c   0x00000016   Code   RO         4242    i.spl0601_read      spl06.o
    0x0800c882   0x00000012   Code   RO         4243    i.spl0601_start_continuous  spl06.o
    0x0800c894   0x00000014   Code   RO         4246    i.spl0601_write     spl06.o
    0x0800c8a8   0x0000004c   Code   RO         7487    i.sqrt              m_ws.l(sqrt.o)
    0x0800c8f4   0x00000064   Code   RO         7128    i.tan               m_ws.l(tan.o)
    0x0800c958   0x00000008   Code   RO         4570    i.vl53IICInit       vl53lxx_i2c.o
    0x0800c960   0x0000000c   Code   RO         4574    i.vl53IICReceiveByte  vl53lxx_i2c.o
    0x0800c96c   0x0000000c   Code   RO         4575    i.vl53IICSendByte   vl53lxx_i2c.o
    0x0800c978   0x00000008   Code   RO         4576    i.vl53IICStart      vl53lxx_i2c.o
    0x0800c980   0x00000008   Code   RO         4577    i.vl53IICStop       vl53lxx_i2c.o
    0x0800c988   0x00000008   Code   RO         4578    i.vl53IICWaitAck    vl53lxx_i2c.o
    0x0800c990   0x0000006a   Code   RO         4582    i.vl53l1Read        vl53lxx_i2c.o
    0x0800c9fa   0x0000004c   Code   RO         4583    i.vl53l1Write       vl53lxx_i2c.o
    0x0800ca46   0x00000002   PAD
    0x0800ca48   0x00000054   Code   RO         4468    i.vl53l1xSetParam   vl53l1x.o
    0x0800ca9c   0x0000003c   Code   RO         4663    i.vl53lxxInit       vl53lxx.o
    0x0800cad8   0x0000000a   Data   RO         3946    .constdata          nrf24l01.o
    0x0800cae2   0x00000002   PAD
    0x0800cae4   0x00000018   Data   RO         5363    .constdata          mymath.o
    0x0800cafc   0x00000004   PAD
    0x0800cb00   0x00000050   Data   RO         7103    .constdata          m_ws.l(asin.o)
    0x0800cb50   0x000000c8   Data   RO         7483    .constdata          m_ws.l(rred.o)
    0x0800cc18   0x00000060   Data   RO         7503    .constdata          m_ws.l(tan_i.o)
    0x0800cc78   0x00000020   Data   RO         7557    Region$$Table       anon$$obj.o


    Execution Region RW_IRAM1 (Base: 0x20000000, Size: 0x000019f0, Max: 0x00005000, ABSOLUTE, COMPRESSED[0x000000ac])

    Base Addr    Size         Type   Attr      Idx    E Section Name        Object

    0x20000000   0x00000014   Data   RW           21    .data               system_stm32f10x.o
    0x20000014   0x0000000a   Data   RW          413    .data               delay.o
    0x2000001e   0x00000002   PAD
    0x20000020   0x0000002c   Data   RW          475    .data               scheduler.o
    0x2000004c   0x00000017   Data   RW          541    .data               init.o
    0x20000063   0x00000014   Data   RW         2193    .data               stm32f10x_rcc.o
    0x20000077   0x00000001   PAD
    0x20000078   0x0000000e   Data   RW         3722    .data               adc.o
    0x20000086   0x00000002   PAD
    0x20000088   0x00000007   Data   RW         3819    .data               uart1.o
    0x2000008f   0x00000001   PAD
    0x20000090   0x00000006   Data   RW         3863    .data               usart2.o
    0x20000096   0x00000002   PAD
    0x20000098   0x00000010   Data   RW         3908    .data               led.o
    0x200000a8   0x0000000e   Data   RW         3947    .data               nrf24l01.o
    0x200000b6   0x00000002   PAD
    0x200000b8   0x00000054   Data   RW         4179    .data               mpu6050.o
    0x2000010c   0x000000ae   Data   RW         4250    .data               spl06.o
    0x200001ba   0x00000002   PAD
    0x200001bc   0x00000007   Data   RW         4365    .data               flow.o
    0x200001c3   0x00000001   PAD
    0x200001c4   0x00000020   Data   RW         4397    .data               hcsr04.o
    0x200001e4   0x00000009   Data   RW         4432    .data               esp32cam.o
    0x200001ed   0x00000003   PAD
    0x200001f0   0x0000000c   Data   RW         4470    .data               vl53l1x.o
    0x200001fc   0x00000014   Data   RW         4665    .data               vl53lxx.o
    0x20000210   0x00000018   Data   RW         4861    .data               ano_dt.o
    0x20000228   0x00000025   Data   RW         4930    .data               remote.o
    0x2000024d   0x00000003   PAD
    0x20000250   0x00000072   Data   RW         4981    .data               control.o
    0x200002c2   0x00000002   PAD
    0x200002c4   0x00000016   Data   RW         5031    .data               wifi_ufo.o
    0x200002da   0x00000002   PAD
    0x200002dc   0x00000007   Data   RW         5083    .data               ano_data_transfer.o
    0x200002e3   0x00000001   PAD
    0x200002e4   0x00000034   Data   RW         5318    .data               imu.o
    0x20000318   0x00000020   Data   RW         5540    .data               vl53l1_api.o
    0x20000338   0x00000004   Data   RW         7536    .data               mc_w.l(errno.o)
    0x2000033c   0x00000068   Zero   RW          474    .bss                scheduler.o
    0x200003a4   0x000006bc   Zero   RW          540    .bss                init.o
    0x20000a60   0x0000012c   Zero   RW         3818    .bss                uart1.o
    0x20000b8c   0x0000012c   Zero   RW         3862    .bss                usart2.o
    0x20000cb8   0x0000006c   Zero   RW         3945    .bss                nrf24l01.o
    0x20000d24   0x00000044   Zero   RW         4178    .bss                mpu6050.o
    0x20000d68   0x000000e4   Zero   RW         4249    .bss                spl06.o
    0x20000e4c   0x000000d8   Zero   RW         4364    .bss                flow.o
    0x20000f24   0x0000007c   Zero   RW         4431    .bss                esp32cam.o
    0x20000fa0   0x000003cc   Zero   RW         4469    .bss                vl53l1x.o
    0x2000136c   0x00000054   Zero   RW         4664    .bss                vl53lxx.o
    0x200013c0   0x000001a6   Zero   RW         4860    .bss                ano_dt.o
    0x20001566   0x00000002   PAD
    0x20001568   0x0000006c   Zero   RW         5082    .bss                ano_data_transfer.o
    0x200015d4   0x00000018   Zero   RW         5317    .bss                imu.o
    0x200015ec   0x00000004   PAD
    0x200015f0   0x00000400   Zero   RW          103    STACK               startup_stm32f10x_md.o


==============================================================================

Image component sizes


      Code (inc. data)   RO Data    RW Data    ZI Data      Debug   Object Name

       516         44          0         14          0       2981   adc.o
      4420        254          0          7        108      10780   ano_data_transfer.o
      2664        278          0         24        422       7200   ano_dt.o
      2872        372          0        114          0       6202   control.o
         0          0          0          0          0       4540   core_cm3.o
       224         36          0         10          0       2746   delay.o
       632         64          0          9        124       1704   esp32cam.o
       164          8          0          0          0       1737   filter.o
      1192        106          0          7        216       4047   flow.o
       236         42          0         32          0       1082   hcsr04.o
      1834         44          0          0          0       9779   iic_software.o
      3724         90          0         52         24       3571   imu.o
       476        136          0         23       1724       6081   init.o
        88          0          0          0          0       1615   kalman.o
       452         38          0         16          0       3558   led.o
       176         14          0          0          0     294074   main.o
       132         22          0          0          0       1479   misc.o
       728         50          0         84         68       4098   mpu6050.o
       162          6         24          0          0       1650   mymath.o
      1036         98         10         14        108     222415   nrf24l01.o
       186          0          0          0          0       2083   pid.o
      1288        156          0         37          0       4383   remote.o
      1088        180          0         44        104       5850   scheduler.o
       204         14          0          0          0       1138   spi.o
      2796        224          0        174        228      13101   spl06.o
        36          8        236          0       1024        816   startup_stm32f10x_md.o
       390         10          0          0          0       7269   stm32f10x_adc.o
       416          8          0          0          0       3354   stm32f10x_dma.o
        52         12          0          0          0       1108   stm32f10x_exti.o
       426          6          0          0          0       3273   stm32f10x_gpio.o
        32          0          0          0          0       4054   stm32f10x_it.o
        68         30          0          0          0       2414   stm32f10x_iwdg.o
       332         44          0         20          0       5469   stm32f10x_rcc.o
       112          0          0          0          0       3754   stm32f10x_spi.o
       968         92          0          0          0      10191   stm32f10x_tim.o
       392          6          0          0          0       5931   stm32f10x_usart.o
       328         28          0         20          0      62501   system_stm32f10x.o
       492         34          0          0          0       1881   tim.o
       348         26          0          7        300       2197   uart1.o
       340         26          0          6        300       2027   usart2.o
       252         12          0          0          0       1774   usart3.o
      2700         50          0         32          0      86033   vl53l1_api.o
      3830         82          0          0          0      21631   vl53l1_api_core.o
      1516          0          0          0          0      16619   vl53l1_api_preset_modes.o
      1782          0          0          0          0      21839   vl53l1_core.o
        72          0          0          0          0       2769   vl53l1_core_support.o
      2562          0          0          0          0      15026   vl53l1_register_funcs.o
       140          0          0          0          0       2285   vl53l1_wait.o
       430         16          0         12        972       6989   vl53l1x.o
       308         44          0         20         84       2157   vl53lxx.o
       238          0          0          0          0       4701   vl53lxx_i2c.o
         0          0          0         22          0       2428   wifi_ufo.o

    ----------------------------------------------------------------------
     45884       2810        308        824       5812     918384   Object Totals
         0          0         32          0          0          0   (incl. Generated)
        32          0          6         24          6          0   (incl. Padding)

    ----------------------------------------------------------------------

      Code (inc. data)   RO Data    RW Data    ZI Data      Debug   Library Member Name

       624         52         80          0          0        168   asin.o
       604         76          0          0          0        116   atan2f.o
        34          6          0          0          0        204   dunder.o
        40          0          0          0          0         68   fpclassify.o
        38          0          0          0          0         68   fpclassifyf.o
        14          0          0          0          0        136   funder.o
       170          0          0          0          0         96   poly.o
       904         76        200          0          0        140   rred.o
        76          0          0          0          0         84   sqrt.o
       100         10          0          0          0         96   tan.o
       636         50         96          0          0        168   tan_i.o
        86          0          0          0          0          0   __dczerorl2.o
         0          0          0          0          0          0   entry.o
         0          0          0          0          0          0   entry10a.o
         0          0          0          0          0          0   entry11a.o
         8          4          0          0          0          0   entry2.o
         4          0          0          0          0          0   entry5.o
         0          0          0          0          0          0   entry7b.o
         0          0          0          0          0          0   entry8b.o
         8          4          0          0          0          0   entry9a.o
        12          6          0          4          0         68   errno.o
        30          0          0          0          0          0   handlers.o
        36          8          0          0          0         68   init.o
         0          0          0          0          0          0   iusefp.o
        30          0          0          0          0         68   llshl.o
        36          0          0          0          0         68   llsshr.o
        32          0          0          0          0         68   llushr.o
        36          0          0          0          0         68   memcpya.o
        36          0          0          0          0        108   memseta.o
        24          0          0          0          0         76   strncpy.o
        48          0          0          0          0         68   cdcmple.o
        48          0          0          0          0         68   cdrcmple.o
        20          0          0          0          0         68   cfcmple.o
        20          0          0          0          0         68   cfrcmple.o
        56          0          0          0          0         88   d2f.o
       334          0          0          0          0        148   dadd.o
       222          0          0          0          0        100   ddiv.o
       186          0          0          0          0        176   depilogue.o
        62          0          0          0          0         80   dfixi.o
        34          0          0          0          0         76   dflti.o
        26          0          0          0          0         76   dfltui.o
       228          0          0          0          0         96   dmul.o
        46          0          0          0          0         80   dscalb.o
       162          0          0          0          0        100   dsqrt.o
        38          0          0          0          0         68   f2d.o
       176          0          0          0          0        140   fadd.o
       124          0          0          0          0         88   fdiv.o
       110          0          0          0          0        168   fepilogue.o
        50          0          0          0          0         68   ffixi.o
        40          0          0          0          0         68   ffixui.o
        18          0          0          0          0         68   fflti.o
        10          0          0          0          0         68   ffltui.o
       100          0          0          0          0         76   fmul.o
        24          0          0          0          0         68   fscalb.o

    ----------------------------------------------------------------------
      5808        292        376          4          0       4108   Library Totals
         8          0          0          0          0          0   (incl. Padding)

    ----------------------------------------------------------------------

      Code (inc. data)   RO Data    RW Data    ZI Data      Debug   Library Name

      3240        270        376          0          0       1344   m_ws.l
       378         22          0          4          0        592   mc_w.l
      2182          0          0          0          0       2172   mf_w.l

    ----------------------------------------------------------------------
      5808        292        376          4          0       4108   Library Totals

    ----------------------------------------------------------------------

==============================================================================


      Code (inc. data)   RO Data    RW Data    ZI Data      Debug   

     51692       3102        684        828       5812     903692   Grand Totals
     51692       3102        684        172       5812     903692   ELF Image Totals (compressed)
     51692       3102        684        172          0          0   ROM Totals

==============================================================================

    Total RO  Size (Code + RO Data)                52376 (  51.15kB)
    Total RW  Size (RW Data + ZI Data)              6640 (   6.48kB)
    Total ROM Size (Code + RO Data + RW Data)      52548 (  51.32kB)

==============================================================================

